###############################################################################
#
# IAR ELF Linker V7.70.2.11706/W32 for ARM                19/Jul/2017  21:45:12
# Copyright 2007-2016 IAR Systems AB.
#
#    Output file  =  D:\MCU\lab\f4\test2\EWARM\test2\Exe\test2.out
#    Map file     =  D:\MCU\lab\f4\test2\EWARM\test2\List\test2.map
#    Command line =  
#        D:\MCU\lab\f4\test2\EWARM\test2\Obj\adc.o
#        D:\MCU\lab\f4\test2\EWARM\test2\Obj\bsp_driver_sd.o
#        D:\MCU\lab\f4\test2\EWARM\test2\Obj\dac.o
#        D:\MCU\lab\f4\test2\EWARM\test2\Obj\data.o
#        D:\MCU\lab\f4\test2\EWARM\test2\Obj\diskio.o
#        D:\MCU\lab\f4\test2\EWARM\test2\Obj\fatfs.o
#        D:\MCU\lab\f4\test2\EWARM\test2\Obj\ff.o
#        D:\MCU\lab\f4\test2\EWARM\test2\Obj\ff_gen_drv.o
#        D:\MCU\lab\f4\test2\EWARM\test2\Obj\flash.o
#        D:\MCU\lab\f4\test2\EWARM\test2\Obj\gpio.o
#        D:\MCU\lab\f4\test2\EWARM\test2\Obj\i2c_gpio.o
#        D:\MCU\lab\f4\test2\EWARM\test2\Obj\init.o
#        D:\MCU\lab\f4\test2\EWARM\test2\Obj\interrupt.o
#        D:\MCU\lab\f4\test2\EWARM\test2\Obj\main.o
#        D:\MCU\lab\f4\test2\EWARM\test2\Obj\mpu6050.o
#        D:\MCU\lab\f4\test2\EWARM\test2\Obj\oled.o
#        D:\MCU\lab\f4\test2\EWARM\test2\Obj\OLEDUI.o
#        D:\MCU\lab\f4\test2\EWARM\test2\Obj\sd_diskio.o
#        D:\MCU\lab\f4\test2\EWARM\test2\Obj\SDFatfs.o
#        D:\MCU\lab\f4\test2\EWARM\test2\Obj\sdio.o
#        D:\MCU\lab\f4\test2\EWARM\test2\Obj\startup_stm32f407xx.o
#        D:\MCU\lab\f4\test2\EWARM\test2\Obj\stm32f4xx_hal.o
#        D:\MCU\lab\f4\test2\EWARM\test2\Obj\stm32f4xx_hal_adc.o
#        D:\MCU\lab\f4\test2\EWARM\test2\Obj\stm32f4xx_hal_adc_ex.o
#        D:\MCU\lab\f4\test2\EWARM\test2\Obj\stm32f4xx_hal_cortex.o
#        D:\MCU\lab\f4\test2\EWARM\test2\Obj\stm32f4xx_hal_dac.o
#        D:\MCU\lab\f4\test2\EWARM\test2\Obj\stm32f4xx_hal_dac_ex.o
#        D:\MCU\lab\f4\test2\EWARM\test2\Obj\stm32f4xx_hal_dma.o
#        D:\MCU\lab\f4\test2\EWARM\test2\Obj\stm32f4xx_hal_dma_ex.o
#        D:\MCU\lab\f4\test2\EWARM\test2\Obj\stm32f4xx_hal_flash.o
#        D:\MCU\lab\f4\test2\EWARM\test2\Obj\stm32f4xx_hal_flash_ex.o
#        D:\MCU\lab\f4\test2\EWARM\test2\Obj\stm32f4xx_hal_flash_ramfunc.o
#        D:\MCU\lab\f4\test2\EWARM\test2\Obj\stm32f4xx_hal_gpio.o
#        D:\MCU\lab\f4\test2\EWARM\test2\Obj\stm32f4xx_hal_msp.o
#        D:\MCU\lab\f4\test2\EWARM\test2\Obj\stm32f4xx_hal_pwr.o
#        D:\MCU\lab\f4\test2\EWARM\test2\Obj\stm32f4xx_hal_pwr_ex.o
#        D:\MCU\lab\f4\test2\EWARM\test2\Obj\stm32f4xx_hal_rcc.o
#        D:\MCU\lab\f4\test2\EWARM\test2\Obj\stm32f4xx_hal_rcc_ex.o
#        D:\MCU\lab\f4\test2\EWARM\test2\Obj\stm32f4xx_hal_sd.o
#        D:\MCU\lab\f4\test2\EWARM\test2\Obj\stm32f4xx_hal_tim.o
#        D:\MCU\lab\f4\test2\EWARM\test2\Obj\stm32f4xx_hal_tim_ex.o
#        D:\MCU\lab\f4\test2\EWARM\test2\Obj\stm32f4xx_hal_uart.o
#        D:\MCU\lab\f4\test2\EWARM\test2\Obj\stm32f4xx_it.o
#        D:\MCU\lab\f4\test2\EWARM\test2\Obj\stm32f4xx_ll_sdmmc.o
#        D:\MCU\lab\f4\test2\EWARM\test2\Obj\syscall.o
#        D:\MCU\lab\f4\test2\EWARM\test2\Obj\system_stm32f4xx.o
#        D:\MCU\lab\f4\test2\EWARM\test2\Obj\tim.o
#        D:\MCU\lab\f4\test2\EWARM\test2\Obj\usart.o
#        D:\MCU\lab\f4\test2\EWARM\test2\Obj\usersrc.o
#        D:\MCU\lab\f4\test2\EWARM\test2\Obj\usmart.o
#        D:\MCU\lab\f4\test2\EWARM\test2\Obj\usmart_config.o --redirect
#        _Printf=_PrintfFull --redirect _Scanf=_ScanfFull -o
#        D:\MCU\lab\f4\test2\EWARM\test2\Exe\test2.out --map
#        D:\MCU\lab\f4\test2\EWARM\test2\List\test2.map --config
#        D:\MCU\lab\f4\test2\EWARM/stm32f407xx_flash.icf --semihosting --entry
#        __iar_program_start "C:\Program Files (x86)\IAR Systems\Embedded
#        Workbench 7.5\arm\CMSIS\Lib\IAR\iar_cortexM4lf_math.a" --vfe
#
###############################################################################

*******************************************************************************
*** RUNTIME MODEL ATTRIBUTES
***

CppFlavor                     = *
__Heap_Handler                = Basic
__SystemLibrary               = DLib
__dlib_dynamic_initialization = normal


*******************************************************************************
*** PLACEMENT SUMMARY
***

"A0":  place at 0x08000000 { ro section .intvec };
"P1":  place in [from 0x08000000 to 0x080fffff] { ro };
"P2":  place in [from 0x20000000 to 0x2001ffff] { rw, block CSTACK, block HEAP };
initialize by copy { rw };

  Section             Kind        Address    Size  Object
  -------             ----        -------    ----  ------
"A0":                                       0x188
  .intvec             ro code  0x08000000   0x188  startup_stm32f407xx.o [1]
                             - 0x08000188   0x188

"P1":                                      0x8d9c
  .text               ro code  0x08000188  0x17a4  ff.o [1]
  .text               ro code  0x0800192c    0x66  ABImemset.o [5]
  .text               ro code  0x08001992    0x1a  xsnprout.o [3]
  .text               ro code  0x080019ac    0x74  diskio.o [1]
  .text               ro code  0x08001a20    0x1c  fatfs.o [1]
  .text               ro code  0x08001a3c    0x44  ff_gen_drv.o [1]
  .text               ro code  0x08001a80  0x118a  xprintffull.o [3]
  .text               ro code  0x08002c0a    0x20  xmbtowc.o [3]
  .text               ro code  0x08002c2a     0xa  xsprout.o [3]
  .text               ro code  0x08002c34    0x16  strchr.o [5]
  .text               ro code  0x08002c4c    0x36  strlen.o [5]
  .text               ro code  0x08002c84    0x58  memchr.o [5]
  .text               ro code  0x08002cdc     0xa  xmbcurmax.o [3]
  .text               ro code  0x08002ce8    0xb0  xxmemxmalloc.o [3]
  .text               ro code  0x08002d98    0x1a  xwctomb.o [3]
  .text               ro code  0x08002db4    0x76  ABImemcpy_unaligned.o [5]
  .text               ro code  0x08002e2c    0x80  xxmemxfree.o [3]
  .text               ro code  0x08002eac    0xee  I64DivMod.o [5]
  .text               ro code  0x08002f9a    0x44  xdnorm.o [4]
  .text               ro code  0x08002fe0    0x2e  DblCmpLe.o [4]
  .text               ro code  0x08003010    0x2e  DblCmpGe.o [4]
  .text               ro code  0x08003040   0x114  xdscale.o [4]
  .text               ro code  0x08003154    0x58  DblToI32.o [4]
  .text               ro code  0x080031ac    0x30  I32ToDbl.o [4]
  .text               ro code  0x080031dc   0x180  DblSub.o [4]
  .text               ro code  0x0800335c   0x1a2  DblMul.o [4]
  .text               ro code  0x08003500   0x256  DblDiv.o [4]
  .text               ro code  0x08003758    0x6c  localeconv.o [3]
  .text               ro code  0x080037c4     0xe  div.o [3]
  .text               ro code  0x080037d4    0x14  setlocale.o [3]
  .text               ro code  0x080037e8    0x60  xencoding_sb.o [3]
  .text               ro code  0x08003848    0x2c  xgetmemchunk.o [3]
  .text               ro code  0x08003874     0x2  I64DivZer.o [5]
  .text               ro code  0x08003878    0xd4  DblAdd.o [4]
  .text               ro code  0x0800394c     0x2  xtls.o [3]
  .text               ro code  0x08003950   0xb94  stm32f4xx_hal_sd.o [1]
  .text               ro code  0x080044e4    0x98  sdio.o [1]
  .text               ro code  0x0800457c   0x52c  stm32f4xx_ll_sdmmc.o [1]
  .text               ro code  0x08004aa8    0x1e  stm32f4xx_hal.o [1]
  .text               ro code  0x08004ac8     0xc  stm32f4xx_hal.o [1]
  .text               ro code  0x08004ad4     0x2  stm32f4xx_hal_sd.o [1]
  .text               ro code  0x08004ad6     0x2  stm32f4xx_hal_sd.o [1]
  .text               ro code  0x08004ad8     0x2  stm32f4xx_hal_sd.o [1]
  .text               ro code  0x08004ada     0x2  stm32f4xx_hal_sd.o [1]
  .text               ro code  0x08004adc    0x24  stm32f4xx_hal_dma.o [1]
  .text               ro code  0x08004b00   0x1e0  stm32f4xx_hal_gpio.o [1]
  .text               ro code  0x08004ce0    0xde  stm32f4xx_hal_cortex.o [1]
  .text               ro code  0x08004dc0   0xa44  usmart.o [1]
  .text               ro code  0x08005804     0x6  ABImemclr.o [5]
  .text               ro code  0x0800580c    0x24  printf.o [3]
  .text               ro code  0x08005830     0x6  ABImemclr4.o [5]
  .text               ro code  0x08005838    0x32  ABImemset48.o [5]
  .text               ro code  0x0800586c   0x6c6  stm32f4xx_hal_tim.o [1]
  .text               ro code  0x08005f34   0x320  tim.o [1]
  .text               ro code  0x08006254     0x2  stm32f4xx_hal_tim.o [1]
  .text               ro code  0x08006256     0x2  stm32f4xx_hal_tim.o [1]
  .text               ro code  0x08006258     0x2  stm32f4xx_hal_tim.o [1]
  .text               ro code  0x0800625c    0xc4  interrupt.o [1]
  .text               ro code  0x08006320     0x2  stm32f4xx_hal_tim_ex.o [1]
  .text               ro code  0x08006322     0x2  stm32f4xx_hal_tim.o [1]
  .text               ro code  0x08006324     0x2  stm32f4xx_hal_tim_ex.o [1]
  .text               ro code  0x08006326     0x2  stm32f4xx_hal_tim.o [1]
  .text               ro code  0x08006328   0x11a  main.o [1]
  .text               ro code  0x08006444    0x4a  stm32f4xx_hal_tim_ex.o [1]
  .text               ro code  0x08006490   0x562  stm32f4xx_hal_uart.o [1]
  .text               ro code  0x080069f4   0x590  OLEDUI.o [1]
  .text               ro code  0x08006f84    0x20  data.o [1]
  .text               ro code  0x08006fa4    0x34  stm32f4xx_hal.o [1]
  .text               ro code  0x08006fd8    0xd6  gpio.o [1]
  .text               ro code  0x080070b0    0x8c  dac.o [1]
  .text               ro code  0x0800713c    0xa8  adc.o [1]
  .text               ro code  0x080071e4    0x98  usart.o [1]
  .text               ro code  0x0800727c    0xd8  init.o [1]
  .text               ro code  0x08007354   0x298  stm32f4xx_hal_rcc.o [1]
  .text               ro code  0x080075ec   0x1d0  stm32f4xx_hal_rcc.o [1]
  .text               ro code  0x080077bc     0x2  stm32f4xx_hal_uart.o [1]
  .text               ro code  0x080077be     0x2  stm32f4xx_hal_uart.o [1]
  .text               ro code  0x080077c0   0x534  oled.o [1]
  .text               ro code  0x08007cf4   0x18c  SDFatfs.o [1]
  .text               ro code  0x08007e80    0x34  sprintf.o [3]
  .text               ro code  0x08007eb4    0x1c  strcat.o [3]
  .text               ro code  0x08007ed0   0x1b4  flash.o [1]
  .text               ro code  0x08008084    0xec  mpu6050.o [1]
  .text               ro code  0x08008170    0x28  stm32f4xx_hal.o [1]
  .text               ro code  0x08008198    0x60  stm32f4xx_hal_msp.o [1]
  .text               ro code  0x080081f8    0x74  stm32f4xx_hal_dac.o [1]
  .text               ro code  0x0800826c   0x270  stm32f4xx_hal_adc.o [1]
  .text               ro code  0x080084dc    0x3c  vsnprint.o [3]
  .text               ro code  0x08008518   0x1d4  stm32f4xx_hal_flash.o [1]
  .text               ro code  0x080086ec    0x50  stm32f4xx_hal_flash_ex.o [1]
  .text               ro code  0x0800873c   0x1a8  i2c_gpio.o [1]
  .text               ro code  0x080088e4    0xd4  sd_diskio.o [1]
  .text               ro code  0x080089b8    0x84  bsp_driver_sd.o [1]
  .text               ro code  0x08008a3c    0x78  lz77_init_single.o [5]
  .text               ro code  0x08008ab4    0x60  system_stm32f4xx.o [1]
  .text               ro code  0x08008b14    0x5c  stm32f4xx_it.o [1]
  .text               ro code  0x08008b70    0x10  stm32f4xx_hal.o [1]
  .text               ro code  0x08008b80    0x40  zero_init3.o [5]
  .text               ro code  0x08008bc0    0x28  data_init.o [5]
  .rodata             const    0x08008be8    0x24  usmart_config.o [1]
  .text               ro code  0x08008c0c    0x22  fpinit_M.o [4]
  .iar.init_table     const    0x08008c30    0x20  - Linker created -
  .rodata             const    0x08008c50    0x1c  usmart.o [1]
  .text               ro code  0x08008c6c    0x1c  usersrc.o [1]
  .text               ro code  0x08008c88    0x1a  cmain.o [5]
  .text               ro code  0x08008ca2     0x4  low_level_init.o [3]
  .text               ro code  0x08008ca6     0x4  exit.o [3]
  .text               ro code  0x08008cac     0xa  cexit.o [5]
  .text               ro code  0x08008cb8    0x14  exit.o [6]
  .text               ro code  0x08008ccc    0x16  xprout.o [3]
  .text               ro code  0x08008ce4     0xc  putchar.o [3]
  .rodata             const    0x08008cf0    0x14  sd_diskio.o [1]
  .text               ro code  0x08008d04    0x14  usmart_config.o [1]
  .text               ro code  0x08008d18    0x10  startup_stm32f407xx.o [1]
  .text               ro code  0x08008d28     0xc  cstartup_M.o [5]
  .rodata             const    0x08008d34     0x8  system_stm32f4xx.o [1]
  .text               ro code  0x08008d3c     0x4  startup_stm32f407xx.o [1]
  .text               ro code  0x08008d40     0x4  startup_stm32f407xx.o [1]
  .text               ro code  0x08008d44     0x4  startup_stm32f407xx.o [1]
  .text               ro code  0x08008d48     0x4  startup_stm32f407xx.o [1]
  .text               ro code  0x08008d4c     0x4  startup_stm32f407xx.o [1]
  .text               ro code  0x08008d50     0x4  startup_stm32f407xx.o [1]
  .text               ro code  0x08008d54     0x4  startup_stm32f407xx.o [1]
  .text               ro code  0x08008d58     0x4  startup_stm32f407xx.o [1]
  .text               ro code  0x08008d5c     0x4  startup_stm32f407xx.o [1]
  .text               ro code  0x08008d60     0x4  startup_stm32f407xx.o [1]
  .text               ro code  0x08008d64     0x4  startup_stm32f407xx.o [1]
  .text               ro code  0x08008d68     0x4  startup_stm32f407xx.o [1]
  .text               ro code  0x08008d6c     0x4  startup_stm32f407xx.o [1]
  .text               ro code  0x08008d70     0x4  startup_stm32f407xx.o [1]
  .text               ro code  0x08008d74     0x4  startup_stm32f407xx.o [1]
  .text               ro code  0x08008d78     0x4  startup_stm32f407xx.o [1]
  .text               ro code  0x08008d7c     0x4  startup_stm32f407xx.o [1]
  .text               ro code  0x08008d80     0x4  startup_stm32f407xx.o [1]
  .text               ro code  0x08008d84     0x4  startup_stm32f407xx.o [1]
  .text               ro code  0x08008d88     0x4  startup_stm32f407xx.o [1]
  .text               ro code  0x08008d8c     0x4  startup_stm32f407xx.o [1]
  .text               ro code  0x08008d90     0x4  startup_stm32f407xx.o [1]
  .text               ro code  0x08008d94     0x4  startup_stm32f407xx.o [1]
  .text               ro code  0x08008d98     0x4  startup_stm32f407xx.o [1]
  .text               ro code  0x08008d9c     0x4  startup_stm32f407xx.o [1]
  .text               ro code  0x08008da0     0x4  startup_stm32f407xx.o [1]
  .text               ro code  0x08008da4     0x4  startup_stm32f407xx.o [1]
  .text               ro code  0x08008da8     0x4  startup_stm32f407xx.o [1]
  .text               ro code  0x08008dac     0x4  startup_stm32f407xx.o [1]
  .text               ro code  0x08008db0     0x4  startup_stm32f407xx.o [1]
  .text               ro code  0x08008db4     0x4  startup_stm32f407xx.o [1]
  .text               ro code  0x08008db8     0x4  startup_stm32f407xx.o [1]
  .text               ro code  0x08008dbc     0x4  startup_stm32f407xx.o [1]
  .text               ro code  0x08008dc0     0x4  startup_stm32f407xx.o [1]
  .text               ro code  0x08008dc4     0x4  startup_stm32f407xx.o [1]
  .text               ro code  0x08008dc8     0x4  startup_stm32f407xx.o [1]
  .text               ro code  0x08008dcc     0x4  startup_stm32f407xx.o [1]
  .text               ro code  0x08008dd0     0x4  startup_stm32f407xx.o [1]
  .text               ro code  0x08008dd4     0x4  startup_stm32f407xx.o [1]
  .text               ro code  0x08008dd8     0x4  startup_stm32f407xx.o [1]
  .text               ro code  0x08008ddc     0x4  startup_stm32f407xx.o [1]
  .text               ro code  0x08008de0     0x4  startup_stm32f407xx.o [1]
  .text               ro code  0x08008de4     0x4  startup_stm32f407xx.o [1]
  .text               ro code  0x08008de8     0x4  startup_stm32f407xx.o [1]
  .text               ro code  0x08008dec     0x4  startup_stm32f407xx.o [1]
  .text               ro code  0x08008df0     0x4  startup_stm32f407xx.o [1]
  .text               ro code  0x08008df4     0x4  startup_stm32f407xx.o [1]
  .text               ro code  0x08008df8     0x4  startup_stm32f407xx.o [1]
  .text               ro code  0x08008dfc     0x4  startup_stm32f407xx.o [1]
  .text               ro code  0x08008e00     0x4  startup_stm32f407xx.o [1]
  .text               ro code  0x08008e04     0x4  startup_stm32f407xx.o [1]
  .text               ro code  0x08008e08     0x4  startup_stm32f407xx.o [1]
  .text               ro code  0x08008e0c     0x4  startup_stm32f407xx.o [1]
  .text               ro code  0x08008e10     0x4  startup_stm32f407xx.o [1]
  .text               ro code  0x08008e14     0x4  startup_stm32f407xx.o [1]
  .text               ro code  0x08008e18     0x4  startup_stm32f407xx.o [1]
  .text               ro code  0x08008e1c     0x4  startup_stm32f407xx.o [1]
  .text               ro code  0x08008e20     0x4  startup_stm32f407xx.o [1]
  .text               ro code  0x08008e24     0x4  startup_stm32f407xx.o [1]
  .text               ro code  0x08008e28     0x4  startup_stm32f407xx.o [1]
  .text               ro code  0x08008e2c     0x4  startup_stm32f407xx.o [1]
  .text               ro code  0x08008e30     0x4  startup_stm32f407xx.o [1]
  .text               ro code  0x08008e34     0x4  startup_stm32f407xx.o [1]
  .text               ro code  0x08008e38     0x4  startup_stm32f407xx.o [1]
  .text               ro code  0x08008e3c     0x4  startup_stm32f407xx.o [1]
  .text               ro code  0x08008e40     0x4  startup_stm32f407xx.o [1]
  .text               ro code  0x08008e44     0x4  startup_stm32f407xx.o [1]
  .text               ro code  0x08008e48     0x4  startup_stm32f407xx.o [1]
  .text               ro code  0x08008e4c     0x4  startup_stm32f407xx.o [1]
  .text               ro code  0x08008e50     0x4  startup_stm32f407xx.o [1]
  .text               ro code  0x08008e54     0x4  startup_stm32f407xx.o [1]
  .text               ro code  0x08008e58     0x4  startup_stm32f407xx.o [1]
  .text               ro code  0x08008e5c     0x4  startup_stm32f407xx.o [1]
  .text               ro code  0x08008e60     0x4  startup_stm32f407xx.o [1]
  .text               ro code  0x08008e64     0x4  startup_stm32f407xx.o [1]
  .rodata             const    0x08008e68     0x0  zero_init3.o [5]
  .rodata             const    0x08008e68     0x0  lz77_init_single.o [5]
  Initializer bytes   const    0x08008e68    0xbc  <for P2-1>
                             - 0x08008f24  0x8d9c

"P2", part 1 of 3:                          0xbb5
  P2-1                         0x20000000   0xbb5  <Init block>
    .data             inited   0x20000000   0x190  OLEDUI.o [1]
    .data             inited   0x20000190   0x7d0  OLEDUI.o [1]
    .data             inited   0x20000960     0x4  system_stm32f4xx.o [1]
    .data             inited   0x20000964    0x18  usmart.o [1]
    .data             inited   0x2000097c    0x10  usmart_config.o [1]
    .data             inited   0x2000098c    0xec  usmart_config.o [1]
    .data             inited   0x20000a78    0x40  xfiles.o [3]
    __DLIB_PERTHREAD  inited   0x20000ab8    0x88  localeconv.o [3]
    __DLIB_PERTHREAD  inited   0x20000b40    0x74  setlocale.o [3]
    .data             inited   0x20000bb4     0x1  sd_diskio.o [1]
                             - 0x20000bb5   0xbb5

"P2", part 2 of 3:                          0x600
  CSTACK                       0x20000bb8   0x400  <Block>
    CSTACK            uninit   0x20000bb8   0x400  <Block tail>
  HEAP                         0x20000fb8   0x200  <Block>
    HEAP              uninit   0x20000fb8   0x200  <Block tail>
                             - 0x200011b8   0x600

"P2", part 3 of 3:                          0x944
  .bss                zero     0x200011b8   0x290  SDFatfs.o [1]
  .bss                zero     0x20001448   0x230  SDFatfs.o [1]
  .bss                zero     0x20001678    0xc8  usmart.o [1]
  .bss                zero     0x20001740    0x84  sdio.o [1]
  .bss                zero     0x200017c4    0x64  usersrc.o [1]
  .bss                zero     0x20001828    0x50  xfiles.o [3]
  .bss                zero     0x20001878    0x48  adc.o [1]
  .bss                zero     0x200018c0    0x40  usart.o [1]
  .bss                zero     0x20001900    0x3c  tim.o [1]
  .bss                zero     0x2000193c    0x3c  tim.o [1]
  .bss                zero     0x20001978    0x3c  tim.o [1]
  .bss                zero     0x200019b4    0x3c  tim.o [1]
  .bss                zero     0x200019f0    0x3c  tim.o [1]
  .bss                zero     0x20001a2c    0x30  OLEDUI.o [1]
  .bss                zero     0x20001a5c    0x20  stm32f4xx_hal_flash.o [1]
  .bss                zero     0x20001a7c    0x18  ff.o [1]
  .bss                zero     0x20001a94    0x14  dac.o [1]
  .bss                zero     0x20001aa8    0x10  data.o [1]
  .bss                zero     0x20001ab8     0xc  ff_gen_drv.o [1]
  .bss                zero     0x20001ac4     0x8  fatfs.o [1]
  .bss                zero     0x20001acc     0x8  ff.o [1]
  .bss                zero     0x20001ad4     0x8  flash.o [1]
  .bss                zero     0x20001adc     0x8  xxmemxmalloc.o [3]
  .bss                zero     0x20001ae4     0x4  interrupt.o [1]
  .bss                zero     0x20001ae8     0x4  main.o [1]
  .bss                zero     0x20001aec     0x4  OLEDUI.o [1]
  .bss                zero     0x20001af0     0x4  stm32f4xx_hal.o [1]
  .bss                zero     0x20001af4     0x4  xgetmemchunk.o [3]
  .bss                zero     0x20001af8     0x3  interrupt.o [1]
                             - 0x20001afb   0x943


*******************************************************************************
*** INIT TABLE
***

          Address     Size
          -------     ----
Zero (__iar_zero_init3)
    1 destination range, total size 0x943:
          0x200011b8  0x943

Copy/lz77 (__iar_lz77_init_single3)
    1 source range, total size 0xbc (6% of destination):
          0x08008e68   0xbc
    1 destination range, total size 0xbb5:
          0x20000000  0xbb5



*******************************************************************************
*** MODULE SUMMARY
***

    Module                    ro code  ro data  rw data
    ------                    -------  -------  -------
D:\MCU\lab\f4\test2\EWARM\test2\Obj: [1]
    OLEDUI.o                    1 424      150    2 452
    SDFatfs.o                     396             1 216
    adc.o                         168                72
    bsp_driver_sd.o               132
    dac.o                         140                20
    data.o                         32                16
    diskio.o                      116
    fatfs.o                        28                 8
    ff.o                        6 052                32
    ff_gen_drv.o                   68                12
    flash.o                       436                 8
    gpio.o                        214
    i2c_gpio.o                    424
    init.o                        216
    interrupt.o                   196                 7
    main.o                        282                 4
    mpu6050.o                     236
    oled.o                      1 332
    sd_diskio.o                   212       21        1
    sdio.o                        152               132
    startup_stm32f407xx.o         708
    stm32f4xx_hal.o               150                 4
    stm32f4xx_hal_adc.o           624
    stm32f4xx_hal_cortex.o        222
    stm32f4xx_hal_dac.o           116
    stm32f4xx_hal_dma.o            36
    stm32f4xx_hal_flash.o         468                32
    stm32f4xx_hal_flash_ex.o       80
    stm32f4xx_hal_gpio.o          480
    stm32f4xx_hal_msp.o            96
    stm32f4xx_hal_rcc.o         1 128
    stm32f4xx_hal_sd.o          2 972
    stm32f4xx_hal_tim.o         1 744
    stm32f4xx_hal_tim_ex.o         78
    stm32f4xx_hal_uart.o        1 382
    stm32f4xx_it.o                 92
    stm32f4xx_ll_sdmmc.o        1 324
    system_stm32f4xx.o             96        8        4
    tim.o                         800               300
    usart.o                       152                64
    usersrc.o                      28               100
    usmart.o                    2 628       30      224
    usmart_config.o                20       52      252
    ---------------------------------------------------
    Total:                     27 680      261    4 960

command line: [2]
    ---------------------------------------------------
    Total:

dl7M_tlf.a: [3]
    div.o                          14
    exit.o                          4
    localeconv.o                  108        8      136
    low_level_init.o                4
    printf.o                       36
    putchar.o                      12
    setlocale.o                    20        7      116
    sprintf.o                      52
    strcat.o                       28
    vsnprint.o                     60
    xencoding_sb.o                 96
    xfiles.o                                 4      144
    xgetmemchunk.o                 44                 4
    xmbcurmax.o                    10
    xmbtowc.o                      32
    xprintffull.o               4 490
    xprout.o                       22
    xsnprout.o                     26
    xsprout.o                      10
    xtls.o                          2
    xwctomb.o                      26
    xxmemxfree.o                  128
    xxmemxmalloc.o                176                 8
    ---------------------------------------------------
    Total:                      5 400       19      408

m7M_tls.a: [4]
    DblAdd.o                      212
    DblCmpGe.o                     46
    DblCmpLe.o                     46
    DblDiv.o                      598
    DblMul.o                      418
    DblSub.o                      384
    DblToI32.o                     88
    I32ToDbl.o                     48
    fpinit_M.o                     34
    xdnorm.o                       68
    xdscale.o                     276
    ---------------------------------------------------
    Total:                      2 218

rt7M_tl.a: [5]
    ABImemclr.o                     6
    ABImemclr4.o                    6
    ABImemcpy_unaligned.o         118
    ABImemset.o                   102
    ABImemset48.o                  50
    I64DivMod.o                   238
    I64DivZer.o                     2
    cexit.o                        10
    cmain.o                        26
    cstartup_M.o                   12
    data_init.o                    40
    lz77_init_single.o            120
    memchr.o                       88
    strchr.o                       22
    strlen.o                       54
    zero_init3.o                   64
    ---------------------------------------------------
    Total:                        958

shb_l.a: [6]
    exit.o                         20
    ---------------------------------------------------
    Total:                         20

    Gaps                           54        2
    Linker created                          32    1 536
-------------------------------------------------------
    Grand Total:               36 330      314    6 904


*******************************************************************************
*** ENTRY LIST
***

Entry                      Address   Size  Type      Object
-----                      -------   ----  ----      ------
.iar.init_table$$Base   0x08008c30          --   Gb  - Linker created -
.iar.init_table$$Limit  0x08008c50          --   Gb  - Linker created -
?main                   0x08008c89         Code  Gb  cmain.o [5]
ADC_Init                0x080083e1   0xe8  Code  Lc  stm32f4xx_hal_adc.o [1]
AHBPrescTable           0x08008b04   0x10  Data  Gb  system_stm32f4xx.o [1]
APBPrescTable           0x08008d34    0x8  Data  Gb  system_stm32f4xx.o [1]
BSP_SD_GetCardInfo      0x08008a2f    0x8  Code  Gb  bsp_driver_sd.o [1]
BSP_SD_GetCardState     0x08008a1b   0x14  Code  Gb  bsp_driver_sd.o [1]
BSP_SD_Init             0x080089b9   0x32  Code  Gb  bsp_driver_sd.o [1]
BSP_SD_ReadBlocks       0x080089eb    0xe  Code  Gb  bsp_driver_sd.o [1]
BSP_SD_WriteBlocks      0x080089f9    0xc  Code  Gb  bsp_driver_sd.o [1]
BusFault_Handler        0x08008b1b    0x2  Code  Gb  stm32f4xx_it.o [1]
CSTACK$$Base            0x20000bb8          --   Gb  - Linker created -
CSTACK$$Limit           0x20000fb8          --   Gb  - Linker created -
CheckKey                0x08006b99  0x104  Code  Gb  OLEDUI.o [1]
DataInput               0x08006f85    0x6  Code  Gb  data.o [1]
DataNameWriteFatfs      0x080069f5   0x44  Code  Gb  OLEDUI.o [1]
DataOutput              0x08006f8d    0x2  Code  Gb  data.o [1]
DataProcess             0x08006f8b    0x2  Code  Gb  data.o [1]
DataSave                0x08006f8f    0xe  Code  Gb  data.o [1]
DataWriteFatfs          0x08006a3f   0x4c  Code  Gb  OLEDUI.o [1]
DebugMon_Handler        0x08008b21    0x2  Code  Gb  stm32f4xx_it.o [1]
EndSector               0x20001ad8    0x4  Data  Gb  flash.o [1]
EraseFlash              0x08007f77   0x10  Code  Gb  flash.o [1]
Error_Handler           0x08006441    0x2  Code  Gb  main.o [1]
ExCvt                   0x08000a38   0x80  Data  Lc  ff.o [1]
F6x8                    0x08007acc  0x228  Data  Gb  oled.o [1]
FATFS_LinkDriver        0x08001a77    0x4  Code  Gb  ff_gen_drv.o [1]
FATFS_LinkDriverEx      0x08001a3d   0x3a  Code  Gb  ff_gen_drv.o [1]
FLASH_Erase_Sector      0x080086ed   0x4a  Code  Gb  stm32f4xx_hal_flash_ex.o [1]
FLASH_Program_Byte      0x0800865b   0x1a  Code  Lc  stm32f4xx_hal_flash.o [1]
FLASH_Program_DoubleWord
                        0x080085fb   0x24  Code  Lc  stm32f4xx_hal_flash.o [1]
FLASH_Program_HalfWord  0x0800863d   0x1e  Code  Lc  stm32f4xx_hal_flash.o [1]
FLASH_Program_Word      0x0800861f   0x1e  Code  Lc  stm32f4xx_hal_flash.o [1]
FLASH_SetErrorCode      0x08008675   0x60  Code  Lc  stm32f4xx_hal_flash.o [1]
FLASH_WaitForLastOperation
                        0x080085af   0x4c  Code  Gb  stm32f4xx_hal_flash.o [1]
FatFs                   0x20001ad0    0x4  Data  Lc  ff.o [1]
Files                   0x20001a7c   0x18  Data  Lc  ff.o [1]
FlashInit               0x08007ed1   0x3c  Code  Gb  flash.o [1]
Fsid                    0x20001acc    0x2  Data  Lc  ff.o [1]
GetSector               0x08007f87   0x9c  Code  Gb  flash.o [1]
HAL_ADC_ConfigChannel   0x080082bd  0x10c  Code  Gb  stm32f4xx_hal_adc.o [1]
HAL_ADC_Init            0x0800826d   0x50  Code  Gb  stm32f4xx_hal_adc.o [1]
HAL_ADC_MspInit         0x08007193   0x3e  Code  Gb  adc.o [1]
HAL_DAC_ConfigChannel   0x0800821f   0x42  Code  Gb  stm32f4xx_hal_dac.o [1]
HAL_DAC_Init            0x080081f9   0x26  Code  Gb  stm32f4xx_hal_dac.o [1]
HAL_DAC_MspInit         0x080070ed   0x3e  Code  Gb  dac.o [1]
HAL_DMA_Abort_IT        0x08004add   0x24  Code  Gb  stm32f4xx_hal_dma.o [1]
HAL_Delay               0x08004aa9   0x1e  Code  Wk  stm32f4xx_hal.o [1]
HAL_FLASH_Lock          0x080085a1    0x8  Code  Gb  stm32f4xx_hal_flash.o [1]
HAL_FLASH_Program       0x08008519   0x74  Code  Gb  stm32f4xx_hal_flash.o [1]
HAL_FLASH_Unlock        0x0800858d   0x14  Code  Gb  stm32f4xx_hal_flash.o [1]
HAL_GPIO_Init           0x08004b01  0x1a4  Code  Gb  stm32f4xx_hal_gpio.o [1]
HAL_GPIO_TogglePin      0x08004cad    0x8  Code  Gb  stm32f4xx_hal_gpio.o [1]
HAL_GPIO_WritePin       0x08004ca5    0x8  Code  Gb  stm32f4xx_hal_gpio.o [1]
HAL_GetTick             0x08004ac9    0xc  Code  Wk  stm32f4xx_hal.o [1]
HAL_IncTick             0x08008b71   0x10  Code  Wk  stm32f4xx_hal.o [1]
HAL_Init                0x08006fa5   0x30  Code  Gb  stm32f4xx_hal.o [1]
HAL_InitTick            0x08008171   0x28  Code  Wk  stm32f4xx_hal.o [1]
HAL_MspInit             0x08008199   0x60  Code  Gb  stm32f4xx_hal_msp.o [1]
HAL_NVIC_EnableIRQ      0x08004d4f    0xc  Code  Gb  stm32f4xx_hal_cortex.o [1]
HAL_NVIC_SetPriority    0x08004d15   0x3a  Code  Gb  stm32f4xx_hal_cortex.o [1]
HAL_NVIC_SetPriorityGrouping
                        0x08004cfb   0x1a  Code  Gb  stm32f4xx_hal_cortex.o [1]
HAL_RCC_ClockConfig     0x080075ed  0x12a  Code  Gb  stm32f4xx_hal_rcc.o [1]
HAL_RCC_GetHCLKFreq     0x08007725    0x6  Code  Gb  stm32f4xx_hal_rcc.o [1]
HAL_RCC_GetPCLK1Freq    0x0800772b   0x10  Code  Gb  stm32f4xx_hal_rcc.o [1]
HAL_RCC_GetPCLK2Freq    0x0800773b    0xe  Code  Gb  stm32f4xx_hal_rcc.o [1]
HAL_RCC_GetSysClockFreq
                        0x08007769   0x54  Code  Wk  stm32f4xx_hal_rcc.o [1]
HAL_RCC_OscConfig       0x08007355  0x298  Code  Wk  stm32f4xx_hal_rcc.o [1]
HAL_SD_AbortCallback    0x08004ad9    0x2  Code  Wk  stm32f4xx_hal_sd.o [1]
HAL_SD_ConfigWideBusOperation
                        0x0800408b  0x102  Code  Gb  stm32f4xx_hal_sd.o [1]
HAL_SD_ErrorCallback    0x08004adb    0x2  Code  Wk  stm32f4xx_hal_sd.o [1]
HAL_SD_GetCardCSD       0x08003e9b  0x1cc  Code  Gb  stm32f4xx_hal_sd.o [1]
HAL_SD_GetCardInfo      0x08004067   0x24  Code  Gb  stm32f4xx_hal_sd.o [1]
HAL_SD_GetCardState     0x08004197   0x26  Code  Gb  stm32f4xx_hal_sd.o [1]
HAL_SD_IRQHandler       0x08003cfd  0x16e  Code  Gb  stm32f4xx_hal_sd.o [1]
HAL_SD_Init             0x08003951   0x32  Code  Gb  stm32f4xx_hal_sd.o [1]
HAL_SD_InitCard         0x08003983   0x64  Code  Gb  stm32f4xx_hal_sd.o [1]
HAL_SD_MspInit          0x080044fb   0x5c  Code  Gb  sdio.o [1]
HAL_SD_ReadBlocks       0x080039e7  0x18c  Code  Gb  stm32f4xx_hal_sd.o [1]
HAL_SD_RxCpltCallback   0x08004ad5    0x2  Code  Wk  stm32f4xx_hal_sd.o [1]
HAL_SD_TxCpltCallback   0x08004ad7    0x2  Code  Wk  stm32f4xx_hal_sd.o [1]
HAL_SD_WriteBlocks      0x08003b7f  0x158  Code  Gb  stm32f4xx_hal_sd.o [1]
HAL_SYSTICK_CLKSourceConfig
                        0x08004d8b   0x14  Code  Gb  stm32f4xx_hal_cortex.o [1]
HAL_SYSTICK_Callback    0x08004dbd    0x2  Code  Wk  stm32f4xx_hal_cortex.o [1]
HAL_SYSTICK_Config      0x08004d63   0x28  Code  Gb  stm32f4xx_hal_cortex.o [1]
HAL_SYSTICK_IRQHandler  0x08004db9    0x4  Code  Gb  stm32f4xx_hal_cortex.o [1]
HAL_TIMEx_BreakCallback
                        0x08006321    0x2  Code  Wk  stm32f4xx_hal_tim_ex.o [1]
HAL_TIMEx_CommutationCallback
                        0x08006325    0x2  Code  Wk  stm32f4xx_hal_tim_ex.o [1]
HAL_TIMEx_MasterConfigSynchronization
                        0x08006445   0x4a  Code  Gb  stm32f4xx_hal_tim_ex.o [1]
HAL_TIM_Base_Init       0x0800586d   0x1a  Code  Gb  stm32f4xx_hal_tim.o [1]
HAL_TIM_Base_MspInit    0x0800608b   0x8c  Code  Gb  tim.o [1]
HAL_TIM_Base_Start_IT   0x08005887   0x16  Code  Gb  stm32f4xx_hal_tim.o [1]
HAL_TIM_ConfigClockSource
                        0x08005bc9   0xa8  Code  Gb  stm32f4xx_hal_tim.o [1]
HAL_TIM_Encoder_Init    0x08005911   0x84  Code  Gb  stm32f4xx_hal_tim.o [1]
HAL_TIM_Encoder_MspInit
                        0x08006117   0x78  Code  Gb  tim.o [1]
HAL_TIM_IC_CaptureCallback
                        0x08006257    0x2  Code  Wk  stm32f4xx_hal_tim.o [1]
HAL_TIM_IRQHandler      0x0800599d  0x142  Code  Gb  stm32f4xx_hal_tim.o [1]
HAL_TIM_MspPostInit     0x0800619d   0x58  Code  Gb  tim.o [1]
HAL_TIM_OC_DelayElapsedCallback
                        0x08006259    0x2  Code  Wk  stm32f4xx_hal_tim.o [1]
HAL_TIM_PWM_ConfigChannel
                        0x08005ae5   0xb8  Code  Gb  stm32f4xx_hal_tim.o [1]
HAL_TIM_PWM_Init        0x080058c7   0x1a  Code  Gb  stm32f4xx_hal_tim.o [1]
HAL_TIM_PWM_MspInit     0x08006255    0x2  Code  Wk  stm32f4xx_hal_tim.o [1]
HAL_TIM_PWM_PulseFinishedCallback
                        0x08006327    0x2  Code  Wk  stm32f4xx_hal_tim.o [1]
HAL_TIM_PWM_Start       0x080058e9   0x14  Code  Gb  stm32f4xx_hal_tim.o [1]
HAL_TIM_PeriodElapsedCallback
                        0x080062b3   0x50  Code  Gb  interrupt.o [1]
HAL_TIM_TriggerCallback
                        0x08006323    0x2  Code  Wk  stm32f4xx_hal_tim.o [1]
HAL_UART_ErrorCallback  0x080077bd    0x2  Code  Wk  stm32f4xx_hal_uart.o [1]
HAL_UART_IRQHandler     0x0800661f  0x14e  Code  Gb  stm32f4xx_hal_uart.o [1]
HAL_UART_Init           0x08006491   0x28  Code  Gb  stm32f4xx_hal_uart.o [1]
HAL_UART_MspInit        0x08007215   0x58  Code  Gb  usart.o [1]
HAL_UART_Receive_IT     0x080065b5   0x4a  Code  Gb  stm32f4xx_hal_uart.o [1]
HAL_UART_RxCpltCallback
                        0x0800625d   0x56  Code  Gb  interrupt.o [1]
HAL_UART_RxCpltCallback::buff
                        0x20001af8    0x1  Data  Lc  interrupt.o [1]
HAL_UART_RxCpltCallback::count
                        0x20001af9    0x1  Data  Lc  interrupt.o [1]
HAL_UART_RxCpltCallback::string_flag
                        0x20001afa    0x1  Data  Lc  interrupt.o [1]
HAL_UART_Transmit       0x080064ff   0xa0  Code  Gb  stm32f4xx_hal_uart.o [1]
HAL_UART_TxCpltCallback
                        0x080077bf    0x2  Code  Wk  stm32f4xx_hal_uart.o [1]
HEAP$$Base              0x20000fb8          --   Gb  - Linker created -
HEAP$$Limit             0x200011b8          --   Gb  - Linker created -
HardFault_Handler       0x08008b17    0x2  Code  Gb  stm32f4xx_it.o [1]
I2C_Read                0x08008881   0x52  Code  Gb  i2c_gpio.o [1]
I2C_Read_Byte           0x080087dd   0x54  Code  Lc  i2c_gpio.o [1]
I2C_Send_Byte           0x080087b3   0x2a  Code  Lc  i2c_gpio.o [1]
I2C_Start               0x0800874b   0x1a  Code  Lc  i2c_gpio.o [1]
I2C_Stop                0x08008765   0x1a  Code  Lc  i2c_gpio.o [1]
I2C_Wait_Ack            0x08008785   0x2e  Code  Lc  i2c_gpio.o [1]
I2C_Write               0x08008843   0x3e  Code  Gb  i2c_gpio.o [1]
InitAll                 0x080072df   0x36  Code  Gb  init.o [1]
LCD_CLS                 0x0800787f   0x2a  Code  Gb  oled.o [1]
LCD_ClearLine           0x080078af   0x1e  Code  Gb  oled.o [1]
LCD_DLY_ms              0x080078d1   0x1a  Code  Gb  oled.o [1]
LCD_Fill                0x08007853   0x2c  Code  Gb  oled.o [1]
LCD_P6x8Str             0x080079e1   0x42  Code  Gb  oled.o [1]
LCD_P6x8StrW            0x08007a23   0x46  Code  Gb  oled.o [1]
LCD_Set_Pos             0x0800782f   0x24  Code  Gb  oled.o [1]
LCD_WrCmd               0x080077fd   0x32  Code  Gb  oled.o [1]
LCD_WrDat               0x080077c1   0x3a  Code  Gb  oled.o [1]
LoadInt                 0x080020e7   0x6e  Code  Lc  xprintffull.o [3]
MPU6050_GetData         0x080080df   0x92  Code  Gb  mpu6050.o [1]
MPU6050_Init            0x08008085   0x36  Code  Gb  mpu6050.o [1]
MPU6050_ReadReg         0x080080cb   0x14  Code  Lc  mpu6050.o [1]
MPU6050_WriteReg        0x080080bb   0x10  Code  Lc  mpu6050.o [1]
MX_ADC1_Init            0x0800713d   0x56  Code  Gb  adc.o [1]
MX_DAC_Init             0x080070b1   0x3c  Code  Gb  dac.o [1]
MX_FATFS_Init           0x08001a21   0x10  Code  Gb  fatfs.o [1]
MX_GPIO_Init            0x08006fd9   0xae  Code  Gb  gpio.o [1]
MX_SDIO_SD_Init         0x080044e5   0x16  Code  Gb  sdio.o [1]
MX_TIM2_Init            0x08005f35    0xc  Code  Gb  tim.o [1]
MX_TIM3_Init            0x08005f41    0xa  Code  Gb  tim.o [1]
MX_TIM4_Init            0x08005fdb    0xc  Code  Gb  tim.o [1]
MX_TIM8_Init            0x08005fe7    0xc  Code  Gb  tim.o [1]
MX_TIM9_Init            0x0800604b   0x34  Code  Gb  tim.o [1]
MX_USART1_UART_Init     0x080071e5   0x30  Code  Gb  usart.o [1]
MemManage_Handler       0x08008b19    0x2  Code  Gb  stm32f4xx_it.o [1]
NMI_Handler             0x08008b15    0x2  Code  Gb  stm32f4xx_it.o [1]
NVIC_SetPriority        0x08004ce1   0x1a  Code  Lc  stm32f4xx_hal_cortex.o [1]
OLED_Init               0x080078eb   0xee  Code  Gb  oled.o [1]
OledShow                0x08006cb7   0x38  Code  Gb  OLEDUI.o [1]
OledShow::lastpage1     0x20001a58    0x4  Data  Lc  OLEDUI.o [1]
Para2Flash              0x08006dc1   0x3a  Code  Gb  OLEDUI.o [1]
PendSV_Handler          0x08008b23    0x2  Code  Gb  stm32f4xx_it.o [1]
ReadFlash               0x08007f5f   0x18  Code  Gb  flash.o [1]
Region$$Table$$Base     0x08008c30          --   Gb  - Linker created -
Region$$Table$$Limit    0x08008c50          --   Gb  - Linker created -
SDFatFSInit             0x08007cf5   0x2c  Code  Gb  SDFatfs.o [1]
SDFatFSOpen             0x08007d21   0x36  Code  Gb  SDFatfs.o [1]
SDFatFSRead             0x08007d7f   0x58  Code  Gb  SDFatfs.o [1]
SDFatFsClose            0x08007d57   0x28  Code  Gb  SDFatfs.o [1]
SDIO_ConfigData         0x080045f9   0x1e  Code  Gb  stm32f4xx_ll_sdmmc.o [1]
SDIO_GetPowerState      0x080045bb    0x8  Code  Gb  stm32f4xx_ll_sdmmc.o [1]
SDIO_GetResponse        0x080045e5   0x14  Code  Gb  stm32f4xx_ll_sdmmc.o [1]
SDIO_IRQHandler         0x08008b51    0x6  Code  Gb  stm32f4xx_it.o [1]
SDIO_Init               0x0800457d   0x28  Code  Gb  stm32f4xx_ll_sdmmc.o [1]
SDIO_PowerState_ON      0x080045b1    0x4  Code  Gb  stm32f4xx_ll_sdmmc.o [1]
SDIO_ReadFIFO           0x080045a5    0x2  Code  Gb  stm32f4xx_ll_sdmmc.o [1]
SDIO_SendCommand        0x080045c3   0x22  Code  Gb  stm32f4xx_ll_sdmmc.o [1]
SDIO_WriteFIFO          0x080045a7    0xa  Code  Gb  stm32f4xx_ll_sdmmc.o [1]
SDMMC_CmdAppCommand     0x08004785   0x14  Code  Gb  stm32f4xx_ll_sdmmc.o [1]
SDMMC_CmdAppOperCommand
                        0x08004799   0x1c  Code  Gb  stm32f4xx_ll_sdmmc.o [1]
SDMMC_CmdBlockLength    0x08004625   0x14  Code  Gb  stm32f4xx_ll_sdmmc.o [1]
SDMMC_CmdBusWidth       0x080047b5    0x4  Code  Gb  stm32f4xx_ll_sdmmc.o [1]
SDMMC_CmdGoIdleState    0x080046d7   0x38  Code  Gb  stm32f4xx_ll_sdmmc.o [1]
SDMMC_CmdOperCond       0x0800470f   0x4a  Code  Gb  stm32f4xx_ll_sdmmc.o [1]
SDMMC_CmdReadMultiBlock
                        0x0800464d   0x14  Code  Gb  stm32f4xx_ll_sdmmc.o [1]
SDMMC_CmdReadSingleBlock
                        0x08004639   0x14  Code  Gb  stm32f4xx_ll_sdmmc.o [1]
SDMMC_CmdSelDesel       0x080046b7   0x20  Code  Gb  stm32f4xx_ll_sdmmc.o [1]
SDMMC_CmdSendCID        0x080047d9   0x16  Code  Gb  stm32f4xx_ll_sdmmc.o [1]
SDMMC_CmdSendCSD        0x080047ef   0x10  Code  Gb  stm32f4xx_ll_sdmmc.o [1]
SDMMC_CmdSendSCR        0x080047b9   0x16  Code  Gb  stm32f4xx_ll_sdmmc.o [1]
SDMMC_CmdSendStatus     0x080048b3   0x14  Code  Gb  stm32f4xx_ll_sdmmc.o [1]
SDMMC_CmdSetRelAdd      0x08004817   0x8c  Code  Gb  stm32f4xx_ll_sdmmc.o [1]
SDMMC_CmdStopTransfer   0x080046a1   0x16  Code  Gb  stm32f4xx_ll_sdmmc.o [1]
SDMMC_CmdWriteMultiBlock
                        0x08004675   0x14  Code  Gb  stm32f4xx_ll_sdmmc.o [1]
SDMMC_CmdWriteSingleBlock
                        0x08004661   0x14  Code  Gb  stm32f4xx_ll_sdmmc.o [1]
SDMMC_GetCmdResp1       0x080048fb  0x114  Code  Lc  stm32f4xx_ll_sdmmc.o [1]
SDMMC_GetCmdResp2       0x08004a0f   0x3e  Code  Lc  stm32f4xx_ll_sdmmc.o [1]
SDMMC_GetCmdResp3       0x08004a4d   0x34  Code  Lc  stm32f4xx_ll_sdmmc.o [1]
SD_DMARxAbort           0x0800423d   0x38  Code  Lc  stm32f4xx_hal_sd.o [1]
SD_DMATxAbort           0x08004201   0x38  Code  Lc  stm32f4xx_hal_sd.o [1]
SD_Driver               0x08008cf0   0x14  Data  Gb  sd_diskio.o [1]
SD_FindSCR              0x080043f1   0xde  Code  Lc  stm32f4xx_hal_sd.o [1]
SD_InitCard             0x0800428b   0xc4  Code  Lc  stm32f4xx_hal_sd.o [1]
SD_Path                 0x20001ac8    0x4  Data  Gb  fatfs.o [1]
SD_PowerON              0x08004357   0x92  Code  Lc  stm32f4xx_hal_sd.o [1]
SD_initialize           0x080088e5    0xe  Code  Gb  sd_diskio.o [1]
SD_ioctl                0x08008965   0x48  Code  Gb  sd_diskio.o [1]
SD_read                 0x0800890d   0x26  Code  Gb  sd_diskio.o [1]
SD_status               0x080088f3    0xc  Code  Gb  sd_diskio.o [1]
SD_write                0x08008933   0x26  Code  Gb  sd_diskio.o [1]
SVC_Handler             0x08008b1f    0x2  Code  Gb  stm32f4xx_it.o [1]
ShowUnder               0x08006cf9   0xaa  Code  Gb  OLEDUI.o [1]
ShowUpper               0x08006a99   0x60  Code  Gb  OLEDUI.o [1]
ShowUpper::lastpage2    0x20001aec    0x4  Data  Lc  OLEDUI.o [1]
StartSector             0x20001ad4    0x4  Data  Gb  flash.o [1]
Stat                    0x20000bb4    0x1  Data  Lc  sd_diskio.o [1]
SysCheck                0x08006af9   0x42  Code  Gb  OLEDUI.o [1]
SysRun                  0x08006b3b   0x5e  Code  Gb  OLEDUI.o [1]
SysTick_Handler         0x08008b25    0xe  Code  Gb  stm32f4xx_it.o [1]
SystemClock_Config      0x08006381   0xae  Code  Gb  main.o [1]
SystemCoreClock         0x20000960    0x4  Data  Gb  system_stm32f4xx.o [1]
SystemInit              0x08008ab5   0x3a  Code  Gb  system_stm32f4xx.o [1]
T                       0x20001ae4    0x4  Data  Gb  interrupt.o [1]
TIM1_BRK_TIM9_IRQHandler
                        0x08008b33    0x6  Code  Gb  stm32f4xx_it.o [1]
TIM2_IRQHandler         0x08008b39    0x6  Code  Gb  stm32f4xx_it.o [1]
TIM3_IRQHandler         0x08008b3f    0x6  Code  Gb  stm32f4xx_it.o [1]
TIM4_IRQHandler         0x08008b45    0x6  Code  Gb  stm32f4xx_it.o [1]
TIM_Base_SetConfig      0x08005c99   0x90  Code  Gb  stm32f4xx_hal_tim.o [1]
TIM_CCxChannelCmd       0x08005d89   0x18  Code  Gb  stm32f4xx_hal_tim.o [1]
TIM_ETR_SetConfig       0x08005f1f   0x14  Code  Lc  stm32f4xx_hal_tim.o [1]
TIM_ITRx_SetConfig      0x08005f0f   0x10  Code  Lc  stm32f4xx_hal_tim.o [1]
TIM_OC1_SetConfig       0x08005da1   0x4a  Code  Lc  stm32f4xx_hal_tim.o [1]
TIM_OC2_SetConfig       0x08005d31   0x52  Code  Gb  stm32f4xx_hal_tim.o [1]
TIM_OC3_SetConfig       0x08005df7   0x56  Code  Lc  stm32f4xx_hal_tim.o [1]
TIM_OC4_SetConfig       0x08005e53   0x46  Code  Lc  stm32f4xx_hal_tim.o [1]
TIM_TI1_ConfigInputStage
                        0x08005ec9   0x22  Code  Lc  stm32f4xx_hal_tim.o [1]
TIM_TI2_ConfigInputStage
                        0x08005eeb   0x24  Code  Lc  stm32f4xx_hal_tim.o [1]
TimInit                 0x0800727d   0x3e  Code  Gb  init.o [1]
UART_DMAAbortOnError    0x080067e1    0xc  Code  Lc  stm32f4xx_hal_uart.o [1]
UART_EndRxTransfer      0x080067c3   0x1c  Code  Lc  stm32f4xx_hal_uart.o [1]
UART_Receive_IT         0x080067ed   0x88  Code  Lc  stm32f4xx_hal_uart.o [1]
UART_SetConfig          0x08006875  0x13a  Code  Lc  stm32f4xx_hal_uart.o [1]
UART_WaitOnFlagUntilTimeout
                        0x0800676d   0x56  Code  Lc  stm32f4xx_hal_uart.o [1]
UIInit                  0x08006e01   0x4c  Code  Gb  OLEDUI.o [1]
USART1_IRQHandler       0x08008b4b    0x6  Code  Gb  stm32f4xx_it.o [1]
USART_RX_BUF            0x20001678   0xc8  Data  Gb  usmart.o [1]
UartInit                0x080072c3   0x1c  Code  Gb  init.o [1]
UsageFault_Handler      0x08008b1d    0x2  Code  Gb  stm32f4xx_it.o [1]
WriteFlash              0x08007f0d   0x52  Code  Gb  flash.o [1]
_EncodingSb_Mbtowc      0x08003803   0x30  Code  Gb  xencoding_sb.o [3]
_EncodingSb_Mbtowc::initial
                        0x08003840    0x8  Data  Lc  xencoding_sb.o [3]
_EncodingSb_Wctomb      0x080037e9   0x1a  Code  Gb  xencoding_sb.o [3]
_EncodingSb_Wctomb::initial
                        0x08003838    0x8  Data  Lc  xencoding_sb.o [3]
_GenldFull              0x0800296d  0x254  Code  Lc  xprintffull.o [3]
_IsdstStr               0x20000b44    0x4  Data  Gb  setlocale.o [3]
_LdtobFull              0x0800256d  0x3fa  Code  Lc  xprintffull.o [3]
_LitobFull              0x08002461  0x10a  Code  Lc  xprintffull.o [3]
_LocaleEncoding         0x080037d5    0xe  Code  Gb  setlocale.o [3]
_LocaleReturnString     0x20000b64   0x50  Data  Lc  setlocale.o [3]
_Locale_Profile         0x20000b48   0x1c  Data  Gb  setlocale.o [3]
_Locale_aeabi_lconv     0x20000b08   0x38  Data  Gb  localeconv.o [3]
_Locale_lconv           0x20000ab8   0x50  Data  Gb  localeconv.o [3]
_Mbtowc                 0x08002c0b   0x20  Code  Gb  xmbtowc.o [3]
_PrintfFull             0x08001a81  0x650  Code  Gb  xprintffull.o [3]
_Prout                  0x08008ccd   0x16  Code  Gb  xprout.o [3]
_PutcharsFull           0x08002bc1   0x2e  Code  Lc  xprintffull.o [3]
_PutstrFull             0x08002155  0x306  Code  Lc  xprintffull.o [3]
_SNProut                0x08001993   0x1a  Code  Gb  xsnprout.o [3]
_SProut                 0x08002c2b    0xa  Code  Gb  xsprout.o [3]
_TzoneStr               0x20000b40    0x4  Data  Gb  setlocale.o [3]
_Wctomb                 0x08002d99   0x1a  Code  Gb  xwctomb.o [3]
__aeabi_cdcmple         0x08002fe1         Code  Gb  DblCmpLe.o [4]
__aeabi_cdrcmple        0x08003011         Code  Gb  DblCmpGe.o [4]
__aeabi_d2iz            0x08003155         Code  Gb  DblToI32.o [4]
__aeabi_d2uiz           0x08003181         Code  Gb  DblToI32.o [4]
__aeabi_ddiv            0x08003501         Code  Gb  DblDiv.o [4]
__aeabi_dmul            0x0800335d         Code  Gb  DblMul.o [4]
__aeabi_dsub            0x080031dd         Code  Gb  DblSub.o [4]
__aeabi_i2d             0x080031ad         Code  Gb  I32ToDbl.o [4]
__aeabi_ldiv0           0x08003875         Code  Gb  I64DivZer.o [5]
__aeabi_memclr          0x08005805         Code  Gb  ABImemclr.o [5]
__aeabi_memclr4         0x08005831         Code  Gb  ABImemclr4.o [5]
__aeabi_memset          0x0800192d         Code  Gb  ABImemset.o [5]
__aeabi_ui2d            0x080031c1         Code  Gb  I32ToDbl.o [4]
__aeabi_uldivmod        0x08002ead         Code  Gb  I64DivMod.o [5]
__cmain                 0x08008c89         Code  Gb  cmain.o [5]
__data_Aldata           0x20001adc    0x8  Data  Gb  xxmemxmalloc.o [3]
__data_GetMemChunk      0x08003849   0x2c  Code  Gb  xgetmemchunk.o [3]
__data_GetMemChunk::start
                        0x20001af4    0x4  Data  Lc  xgetmemchunk.o [3]
__exit                  0x08008cb9   0x14  Code  Gb  exit.o [6]
__iar_Dnorm             0x08002f9b   0x44  Code  Gb  xdnorm.o [4]
__iar_Dscale            0x08003041  0x114  Code  Gb  xdscale.o [4]
__iar_Locale_lconv_init
                        0x08003759   0x3a  Code  Gb  localeconv.o [3]
__iar_Mbcurmax          0x08002cdd    0xa  Code  Gb  xmbcurmax.o [3]
__iar_Memchr            0x08002c85         Code  Gb  memchr.o [5]
__iar_Memset            0x0800192d         Code  Gb  ABImemset.o [5]
__iar_Memset4_word      0x08005839         Code  Gb  ABImemset48.o [5]
__iar_Memset8_word      0x08005839         Code  Gb  ABImemset48.o [5]
__iar_Memset_word       0x08001935         Code  Gb  ABImemset.o [5]
__iar_Stdout            0x20000a78   0x40  Data  Gb  xfiles.o [3]
__iar_Strchr            0x08002c35         Code  Gb  strchr.o [5]
__iar_d2uiz             0x0800318d         Code  Gb  DblToI32.o [4]
__iar_dadd              0x08003879         Code  Gb  DblAdd.o [4]
__iar_data_init3        0x08008bc1   0x28  Code  Gb  data_init.o [5]
__iar_dlib_perthread_access
                        0x0800394d    0x2  Code  Gb  xtls.o [3]
__iar_dsub              0x080031f1         Code  Gb  DblSub.o [4]
__iar_dsubStart         0x08003203         Code  Gb  DblSub.o [4]
__iar_init_vfp          0x08008c0d         Code  Gb  fpinit_M.o [4]
__iar_lz77_init_single3
                        0x08008a3d   0x78  Code  Gb  lz77_init_single.o [5]
__iar_program_start     0x08008d29         Code  Gb  cstartup_M.o [5]
__iar_ui2d              0x080031c5         Code  Gb  I32ToDbl.o [4]
__iar_unaligned___aeabi_memcpy
                        0x08002db5         Code  Gb  ABImemcpy_unaligned.o [5]
__iar_unaligned___aeabi_memcpy4
                        0x08002dd5         Code  Gb  ABImemcpy_unaligned.o [5]
__iar_unaligned___aeabi_memcpy8
                        0x08002dd5         Code  Gb  ABImemcpy_unaligned.o [5]
__iar_zero_init3        0x08008b81   0x40  Code  Gb  zero_init3.o [5]
__low_level_init        0x08008ca3    0x4  Code  Gb  low_level_init.o [3]
__vector_table          0x08000000         Data  Gb  startup_stm32f407xx.o [1]
_call_main              0x08008c95         Code  Gb  cmain.o [5]
_exit                   0x08008cad         Code  Gb  cexit.o [5]
_main                   0x08008c9f         Code  Gb  cmain.o [5]
button                  0x20001a44    0x1  Data  Gb  OLEDUI.o [1]
check_fs                0x08000ba7   0x62  Code  Lc  ff.o [1]
chk_lock                0x080001ab   0x66  Code  Lc  ff.o [1]
clear_lock              0x080002c5   0x1e  Code  Lc  ff.o [1]
clmt_clust              0x080006ef   0x2e  Code  Lc  ff.o [1]
clust2sect              0x08000409   0x20  Code  Gb  ff.o [1]
create_chain            0x0800063f   0xb0  Code  Lc  ff.o [1]
create_name             0x08000937   0xf0  Code  Lc  ff.o [1]
dec_lock                0x0800028d   0x38  Code  Lc  ff.o [1]
dir_next                0x080007a1   0xf0  Code  Lc  ff.o [1]
dir_register            0x080008c3   0x66  Code  Lc  ff.o [1]
dir_sdi                 0x0800071d   0x84  Code  Lc  ff.o [1]
disk                    0x20001ab8    0xc  Data  Gb  ff_gen_drv.o [1]
disk_initialize         0x080019bf   0x1e  Code  Gb  diskio.o [1]
disk_ioctl              0x08001a05   0x18  Code  Gb  diskio.o [1]
disk_read               0x080019dd    0xc  Code  Gb  diskio.o [1]
disk_status             0x080019ad   0x12  Code  Gb  diskio.o [1]
disk_write              0x080019e9    0xc  Code  Gb  diskio.o [1]
div                     0x080037c5    0xe  Code  Gb  div.o [3]
exit                    0x08008ca7    0x4  Code  Gb  exit.o [3]
f_close                 0x08001475   0x2c  Code  Gb  ff.o [1]
f_gets                  0x080016f9   0x46  Code  Gb  ff.o [1]
f_lseek                 0x080014a1  0x1f0  Code  Gb  ff.o [1]
f_mount                 0x08000f17   0x5a  Code  Gb  ff.o [1]
f_open                  0x08000f71  0x184  Code  Gb  ff.o [1]
f_printf                0x0800178f  0x18e  Code  Gb  ff.o [1]
f_read                  0x08001111  0x12a  Code  Gb  ff.o [1]
f_sync                  0x080013d7   0x9e  Code  Gb  ff.o [1]
f_write                 0x0800124f  0x154  Code  Gb  ff.o [1]
fil                     0x200011b8  0x22c  Data  Gb  SDFatfs.o [1]
find_volume             0x08000c17  0x2be  Code  Lc  ff.o [1]
follow_path             0x08000ab9   0xaa  Code  Lc  ff.o [1]
fputc                   0x08008c6d   0x14  Code  Gb  usersrc.o [1]
free                    0x08002e2d   0x7a  Code  Gb  xxmemxfree.o [3]
fs                      0x20001448  0x230  Data  Gb  SDFatfs.o [1]
get_fat                 0x08000429   0xbc  Code  Gb  ff.o [1]
get_fattime             0x08001a39    0x4  Code  Gb  fatfs.o [1]
get_ldnumber            0x08000b69   0x3e  Code  Lc  ff.o [1]
hadc1                   0x20001878   0x48  Data  Gb  adc.o [1]
hdac                    0x20001a94   0x14  Data  Gb  dac.o [1]
hsd                     0x20001740   0x84  Data  Gb  sdio.o [1]
htim2                   0x20001900   0x3c  Data  Gb  tim.o [1]
htim3                   0x2000193c   0x3c  Data  Gb  tim.o [1]
htim4                   0x20001978   0x3c  Data  Gb  tim.o [1]
htim8                   0x200019b4   0x3c  Data  Gb  tim.o [1]
htim9                   0x200019f0   0x3c  Data  Gb  tim.o [1]
huart1                  0x200018c0   0x40  Data  Gb  usart.o [1]
inc_lock                0x08000211   0x7c  Code  Lc  ff.o [1]
indata                  0x20001aa8   0x10  Data  Gb  data.o [1]
init_usmart             0x08008d05    0x8  Code  Gb  usmart_config.o [1]
ld_clust                0x08000891   0x20  Code  Lc  ff.o [1]
localeconv              0x08003793   0x16  Code  Gb  localeconv.o [3]
main                    0x08006329   0x58  Code  Gb  main.o [1]
main{1}{2}::temp_T      0x20001ae8    0x4  Data  Lc  main.o [1]
malloc                  0x08002ce9   0xac  Code  Gb  xxmemxmalloc.o [3]
mem_cpy                 0x08000189   0x14  Code  Lc  ff.o [1]
mem_set                 0x0800019d    0xe  Code  Lc  ff.o [1]
memchr                  0x08002c85         Code  Gb  memchr.o [5]
move_window             0x0800033b   0x38  Code  Lc  ff.o [1]
obuf                    0x20001828   0x50  Data  Lc  xfiles.o [3]
oled                    0x20001a38    0xc  Data  Gb  OLEDUI.o [1]
oledprintf              0x08007a89   0x16  Code  Gb  oled.o [1]
oledprintfw             0x08007a9f   0x14  Code  Gb  oled.o [1]
pFlash                  0x20001a5c   0x20  Data  Gb  stm32f4xx_hal_flash.o [1]
para_show_table         0x20000190  0x7d0  Data  Gb  OLEDUI.o [1]
para_table              0x20000000  0x190  Data  Gb  OLEDUI.o [1]
printf                  0x0800580d   0x24  Code  Gb  printf.o [3]
put_fat                 0x080004e5   0xe4  Code  Gb  ff.o [1]
putc_bfd                0x0800173f   0x46  Code  Lc  ff.o [1]
putchar                 0x08008ce5    0xc  Code  Gb  putchar.o [3]
remove_chain            0x080005d1   0x6e  Code  Lc  ff.o [1]
retSD                   0x20001ac4    0x1  Data  Gb  fatfs.o [1]
rtext                   0x200013e4   0x64  Data  Gb  SDFatfs.o [1]
setpara                 0x20001a48   0x10  Data  Gb  OLEDUI.o [1]
sprintf                 0x08007e81   0x34  Code  Gb  sprintf.o [3]
st_clust                0x080008b1   0x12  Code  Lc  ff.o [1]
strcat                  0x08007eb5   0x1c  Code  Gb  strcat.o [3]
strchr                  0x08002c35         Code  Gb  strchr.o [5]
strlen                  0x08002c4d         Code  Gb  strlen.o [5]
sync_fs                 0x08000373   0x96  Code  Lc  ff.o [1]
sync_window             0x080002e3   0x4c  Code  Lc  ff.o [1]
sys                     0x20001a2c    0xc  Data  Gb  OLEDUI.o [1]
sys_cmd_tab             0x20000964   0x18  Data  Gb  usmart.o [1]
systick_delayus         0x0800873d    0xe  Code  Lc  i2c_gpio.o [1]
uart1_rx_buff           0x200017c4   0x64  Data  Gb  usersrc.o [1]
usmart_cmd_rec          0x08005299   0x84  Code  Gb  usmart.o [1]
usmart_dev              0x2000098c   0xec  Data  Gb  usmart_config.o [1]
usmart_exe              0x0800533d  0x1aa  Code  Gb  usmart.o [1]
usmart_get_aparm        0x08004f6b   0x8e  Code  Gb  usmart.o [1]
usmart_get_cmdname      0x08004ead   0x22  Code  Gb  usmart.o [1]
usmart_get_fname        0x08004ecf   0x9c  Code  Gb  usmart.o [1]
usmart_get_fparam       0x0800501b   0xd2  Code  Gb  usmart.o [1]
usmart_get_parmpos      0x08004ff9   0x22  Code  Gb  usmart.o [1]
usmart_nametab          0x2000097c   0x10  Data  Gb  usmart_config.o [1]
usmart_pow              0x08004dfd   0x14  Code  Gb  usmart.o [1]
usmart_scan             0x080054f1   0x6e  Code  Gb  usmart.o [1]
usmart_str2num          0x08004e11   0x9c  Code  Gb  usmart.o [1]
usmart_strcmp           0x08004dc1   0x1a  Code  Gb  usmart.o [1]
usmart_strcopy          0x08004ddb   0x10  Code  Gb  usmart.o [1]
usmart_strlen           0x08004deb   0x12  Code  Gb  usmart.o [1]
usmart_sys_cmd_exe      0x080050ed  0x18a  Code  Gb  usmart.o [1]
uwTick                  0x20001af0    0x4  Data  Gb  stm32f4xx_hal.o [1]
validate                0x08000ee1   0x36  Code  Lc  ff.o [1]
vsnprintf               0x080084dd   0x3c  Code  Gb  vsnprint.o [3]


[1] = D:\MCU\lab\f4\test2\EWARM\test2\Obj
[2] = command line
[3] = dl7M_tlf.a
[4] = m7M_tls.a
[5] = rt7M_tl.a
[6] = shb_l.a

  36 330 bytes of readonly  code memory
     314 bytes of readonly  data memory
   6 904 bytes of readwrite data memory

Errors: none
Warnings: none
