###############################################################################
#
# IAR ELF Linker V7.70.2.11706/W32 for ARM                12/Jul/2017  20:44:30
# Copyright 2007-2016 IAR Systems AB.
#
#    Output file  =  D:\MCU\lab\f4\test2\EWARM\test2\Exe\test2.out
#    Map file     =  D:\MCU\lab\f4\test2\EWARM\test2\List\test2.map
#    Command line =  
#        D:\MCU\lab\f4\test2\EWARM\test2\Obj\adc.o
#        D:\MCU\lab\f4\test2\EWARM\test2\Obj\bsp_driver_sd.o
#        D:\MCU\lab\f4\test2\EWARM\test2\Obj\dac.o
#        D:\MCU\lab\f4\test2\EWARM\test2\Obj\data.o
#        D:\MCU\lab\f4\test2\EWARM\test2\Obj\diskio.o
#        D:\MCU\lab\f4\test2\EWARM\test2\Obj\fatfs.o
#        D:\MCU\lab\f4\test2\EWARM\test2\Obj\ff.o
#        D:\MCU\lab\f4\test2\EWARM\test2\Obj\ff_gen_drv.o
#        D:\MCU\lab\f4\test2\EWARM\test2\Obj\flash.o
#        D:\MCU\lab\f4\test2\EWARM\test2\Obj\gpio.o
#        D:\MCU\lab\f4\test2\EWARM\test2\Obj\i2c_gpio.o
#        D:\MCU\lab\f4\test2\EWARM\test2\Obj\init.o
#        D:\MCU\lab\f4\test2\EWARM\test2\Obj\interrupt.o
#        D:\MCU\lab\f4\test2\EWARM\test2\Obj\main.o
#        D:\MCU\lab\f4\test2\EWARM\test2\Obj\mpu6050.o
#        D:\MCU\lab\f4\test2\EWARM\test2\Obj\oled.o
#        D:\MCU\lab\f4\test2\EWARM\test2\Obj\OLEDUI.o
#        D:\MCU\lab\f4\test2\EWARM\test2\Obj\sd_diskio.o
#        D:\MCU\lab\f4\test2\EWARM\test2\Obj\SDFatfs.o
#        D:\MCU\lab\f4\test2\EWARM\test2\Obj\sdio.o
#        D:\MCU\lab\f4\test2\EWARM\test2\Obj\startup_stm32f407xx.o
#        D:\MCU\lab\f4\test2\EWARM\test2\Obj\stm32f4xx_hal.o
#        D:\MCU\lab\f4\test2\EWARM\test2\Obj\stm32f4xx_hal_adc.o
#        D:\MCU\lab\f4\test2\EWARM\test2\Obj\stm32f4xx_hal_adc_ex.o
#        D:\MCU\lab\f4\test2\EWARM\test2\Obj\stm32f4xx_hal_cortex.o
#        D:\MCU\lab\f4\test2\EWARM\test2\Obj\stm32f4xx_hal_dac.o
#        D:\MCU\lab\f4\test2\EWARM\test2\Obj\stm32f4xx_hal_dac_ex.o
#        D:\MCU\lab\f4\test2\EWARM\test2\Obj\stm32f4xx_hal_dma.o
#        D:\MCU\lab\f4\test2\EWARM\test2\Obj\stm32f4xx_hal_dma_ex.o
#        D:\MCU\lab\f4\test2\EWARM\test2\Obj\stm32f4xx_hal_flash.o
#        D:\MCU\lab\f4\test2\EWARM\test2\Obj\stm32f4xx_hal_flash_ex.o
#        D:\MCU\lab\f4\test2\EWARM\test2\Obj\stm32f4xx_hal_flash_ramfunc.o
#        D:\MCU\lab\f4\test2\EWARM\test2\Obj\stm32f4xx_hal_gpio.o
#        D:\MCU\lab\f4\test2\EWARM\test2\Obj\stm32f4xx_hal_msp.o
#        D:\MCU\lab\f4\test2\EWARM\test2\Obj\stm32f4xx_hal_pwr.o
#        D:\MCU\lab\f4\test2\EWARM\test2\Obj\stm32f4xx_hal_pwr_ex.o
#        D:\MCU\lab\f4\test2\EWARM\test2\Obj\stm32f4xx_hal_rcc.o
#        D:\MCU\lab\f4\test2\EWARM\test2\Obj\stm32f4xx_hal_rcc_ex.o
#        D:\MCU\lab\f4\test2\EWARM\test2\Obj\stm32f4xx_hal_sd.o
#        D:\MCU\lab\f4\test2\EWARM\test2\Obj\stm32f4xx_hal_tim.o
#        D:\MCU\lab\f4\test2\EWARM\test2\Obj\stm32f4xx_hal_tim_ex.o
#        D:\MCU\lab\f4\test2\EWARM\test2\Obj\stm32f4xx_hal_uart.o
#        D:\MCU\lab\f4\test2\EWARM\test2\Obj\stm32f4xx_it.o
#        D:\MCU\lab\f4\test2\EWARM\test2\Obj\stm32f4xx_ll_sdmmc.o
#        D:\MCU\lab\f4\test2\EWARM\test2\Obj\syscall.o
#        D:\MCU\lab\f4\test2\EWARM\test2\Obj\system_stm32f4xx.o
#        D:\MCU\lab\f4\test2\EWARM\test2\Obj\tim.o
#        D:\MCU\lab\f4\test2\EWARM\test2\Obj\usart.o
#        D:\MCU\lab\f4\test2\EWARM\test2\Obj\usersrc.o
#        D:\MCU\lab\f4\test2\EWARM\test2\Obj\usmart.o
#        D:\MCU\lab\f4\test2\EWARM\test2\Obj\usmart_config.o --redirect
#        _Printf=_PrintfFull --redirect _Scanf=_ScanfFull -o
#        D:\MCU\lab\f4\test2\EWARM\test2\Exe\test2.out --map
#        D:\MCU\lab\f4\test2\EWARM\test2\List\test2.map --config
#        D:\MCU\lab\f4\test2\EWARM/stm32f407xx_flash.icf --semihosting --entry
#        __iar_program_start "C:\Program Files (x86)\IAR Systems\Embedded
#        Workbench 7.5\arm\CMSIS\Lib\IAR\iar_cortexM4lf_math.a" --vfe
#
###############################################################################

*******************************************************************************
*** RUNTIME MODEL ATTRIBUTES
***

CppFlavor                     = *
__Heap_Handler                = Basic
__SystemLibrary               = DLib
__dlib_dynamic_initialization = normal


*******************************************************************************
*** PLACEMENT SUMMARY
***

"A0":  place at 0x08000000 { ro section .intvec };
"P1":  place in [from 0x08000000 to 0x080fffff] { ro };
"P2":  place in [from 0x20000000 to 0x2001ffff] { rw, block CSTACK, block HEAP };
initialize by copy { rw };

  Section             Kind        Address    Size  Object
  -------             ----        -------    ----  ------
"A0":                                       0x188
  .intvec             ro code  0x08000000   0x188  startup_stm32f407xx.o [1]
                             - 0x08000188   0x188

"P1":                                      0x7e5d
  .text               ro code  0x08000188  0x17a4  ff.o [1]
  .text               ro code  0x0800192c    0x66  ABImemset.o [5]
  .text               ro code  0x08001992    0x1a  xsnprout.o [3]
  .text               ro code  0x080019ac    0x74  diskio.o [1]
  .text               ro code  0x08001a20    0x1c  fatfs.o [1]
  .text               ro code  0x08001a3c    0x44  ff_gen_drv.o [1]
  .text               ro code  0x08001a80  0x118a  xprintffull.o [3]
  .text               ro code  0x08002c0a    0x20  xmbtowc.o [3]
  .text               ro code  0x08002c2a     0xa  xsprout.o [3]
  .text               ro code  0x08002c34    0x16  strchr.o [5]
  .text               ro code  0x08002c4c    0x36  strlen.o [5]
  .text               ro code  0x08002c84    0x58  memchr.o [5]
  .text               ro code  0x08002cdc     0xa  xmbcurmax.o [3]
  .text               ro code  0x08002ce8    0xb0  xxmemxmalloc.o [3]
  .text               ro code  0x08002d98    0x1a  xwctomb.o [3]
  .text               ro code  0x08002db4    0x76  ABImemcpy_unaligned.o [5]
  .text               ro code  0x08002e2c    0x80  xxmemxfree.o [3]
  .text               ro code  0x08002eac    0xee  I64DivMod.o [5]
  .text               ro code  0x08002f9a    0x44  xdnorm.o [4]
  .text               ro code  0x08002fe0    0x2e  DblCmpLe.o [4]
  .text               ro code  0x08003010    0x2e  DblCmpGe.o [4]
  .text               ro code  0x08003040   0x114  xdscale.o [4]
  .text               ro code  0x08003154    0x58  DblToI32.o [4]
  .text               ro code  0x080031ac    0x30  I32ToDbl.o [4]
  .text               ro code  0x080031dc   0x180  DblSub.o [4]
  .text               ro code  0x0800335c   0x1a2  DblMul.o [4]
  .text               ro code  0x08003500   0x256  DblDiv.o [4]
  .text               ro code  0x08003758    0x6c  localeconv.o [3]
  .text               ro code  0x080037c4     0xe  div.o [3]
  .text               ro code  0x080037d4    0x14  setlocale.o [3]
  .text               ro code  0x080037e8    0x60  xencoding_sb.o [3]
  .text               ro code  0x08003848    0x2c  xgetmemchunk.o [3]
  .text               ro code  0x08003874     0x2  I64DivZer.o [5]
  .text               ro code  0x08003878    0xd4  DblAdd.o [4]
  .text               ro code  0x0800394c     0x2  xtls.o [3]
  .text               ro code  0x08003950   0xb94  stm32f4xx_hal_sd.o [1]
  .text               ro code  0x080044e4    0x98  sdio.o [1]
  .text               ro code  0x0800457c   0x52c  stm32f4xx_ll_sdmmc.o [1]
  .text               ro code  0x08004aa8    0x1e  stm32f4xx_hal.o [1]
  .text               ro code  0x08004ac8     0xc  stm32f4xx_hal.o [1]
  .text               ro code  0x08004ad4     0x2  stm32f4xx_hal_sd.o [1]
  .text               ro code  0x08004ad6     0x2  stm32f4xx_hal_sd.o [1]
  .text               ro code  0x08004ad8     0x2  stm32f4xx_hal_sd.o [1]
  .text               ro code  0x08004ada     0x2  stm32f4xx_hal_sd.o [1]
  .text               ro code  0x08004adc    0x24  stm32f4xx_hal_dma.o [1]
  .text               ro code  0x08004b00   0x1e0  stm32f4xx_hal_gpio.o [1]
  .text               ro code  0x08004ce0    0xde  stm32f4xx_hal_cortex.o [1]
  .text               ro code  0x08004dc0   0x6c6  stm32f4xx_hal_tim.o [1]
  .text               ro code  0x08005488   0x320  tim.o [1]
  .text               ro code  0x080057a8     0x2  stm32f4xx_hal_tim.o [1]
  .text               ro code  0x080057aa     0x2  stm32f4xx_hal_tim.o [1]
  .text               ro code  0x080057ac     0x2  stm32f4xx_hal_tim.o [1]
  .text               ro code  0x080057b0    0x48  interrupt.o [1]
  .text               ro code  0x080057f8     0x2  stm32f4xx_hal_tim_ex.o [1]
  .text               ro code  0x080057fa     0x2  stm32f4xx_hal_tim.o [1]
  .text               ro code  0x080057fc     0x2  stm32f4xx_hal_tim_ex.o [1]
  .text               ro code  0x080057fe     0x2  stm32f4xx_hal_tim.o [1]
  .text               ro code  0x08005800    0xfe  main.o [1]
  .text               ro code  0x08005900    0x4a  stm32f4xx_hal_tim_ex.o [1]
  .text               ro code  0x0800594c    0x1a  data.o [1]
  .text               ro code  0x08005968    0x34  stm32f4xx_hal.o [1]
  .text               ro code  0x0800599c    0xd6  gpio.o [1]
  .text               ro code  0x08005a74    0x8c  dac.o [1]
  .text               ro code  0x08005b00    0xa8  adc.o [1]
  .text               ro code  0x08005ba8    0x88  usart.o [1]
  .text               ro code  0x08005c30    0xc8  init.o [1]
  .text               ro code  0x08005cf8   0x4c4  OLEDUI.o [1]
  .text               ro code  0x080061bc   0x298  stm32f4xx_hal_rcc.o [1]
  .text               ro code  0x08006454   0x1d0  stm32f4xx_hal_rcc.o [1]
  .text               ro code  0x08006624    0xec  mpu6050.o [1]
  .text               ro code  0x08006710    0x28  stm32f4xx_hal.o [1]
  .text               ro code  0x08006738    0x60  stm32f4xx_hal_msp.o [1]
  .text               ro code  0x08006798    0x74  stm32f4xx_hal_dac.o [1]
  .text               ro code  0x0800680c   0x270  stm32f4xx_hal_adc.o [1]
  .text               ro code  0x08006a7c   0x356  stm32f4xx_hal_uart.o [1]
  .text               ro code  0x08006dd4    0x24  printf.o [3]
  .text               ro code  0x08006df8   0x140  SDFatfs.o [1]
  .text               ro code  0x08006f38   0x1b4  flash.o [1]
  .text               ro code  0x080070ec   0x534  oled.o [1]
  .text               ro code  0x08007620    0x34  sprintf.o [3]
  .text               ro code  0x08007654   0x1a8  i2c_gpio.o [1]
  .text               ro code  0x080077fc   0x1d4  stm32f4xx_hal_flash.o [1]
  .text               ro code  0x080079d0    0x50  stm32f4xx_hal_flash_ex.o [1]
  .text               ro code  0x08007a20    0x3c  vsnprint.o [3]
  .text               ro code  0x08007a5c    0xd4  sd_diskio.o [1]
  .text               ro code  0x08007b30    0x84  bsp_driver_sd.o [1]
  .text               ro code  0x08007bb4    0x60  system_stm32f4xx.o [1]
  .text               ro code  0x08007c14    0x50  stm32f4xx_it.o [1]
  .text               ro code  0x08007c64    0x10  stm32f4xx_hal.o [1]
  .text               ro code  0x08007c74    0x40  zero_init3.o [5]
  .text               ro code  0x08007cb4    0x38  packbits_init_single.o [5]
  .text               ro code  0x08007cec    0x28  data_init.o [5]
  .text               ro code  0x08007d14    0x22  fpinit_M.o [4]
  .iar.init_table     const    0x08007d38    0x20  - Linker created -
  .text               ro code  0x08007d58    0x1c  usersrc.o [1]
  .text               ro code  0x08007d74    0x1a  cmain.o [5]
  .text               ro code  0x08007d8e     0x4  low_level_init.o [3]
  .text               ro code  0x08007d92     0x4  exit.o [3]
  .text               ro code  0x08007d98     0xa  cexit.o [5]
  .text               ro code  0x08007da4    0x14  exit.o [6]
  .text               ro code  0x08007db8    0x16  xprout.o [3]
  .text               ro code  0x08007dd0     0xc  putchar.o [3]
  .rodata             const    0x08007ddc    0x14  sd_diskio.o [1]
  .text               ro code  0x08007df0    0x10  startup_stm32f407xx.o [1]
  .text               ro code  0x08007e00     0xc  cstartup_M.o [5]
  .rodata             const    0x08007e0c     0x8  system_stm32f4xx.o [1]
  .text               ro code  0x08007e14     0x4  startup_stm32f407xx.o [1]
  .text               ro code  0x08007e18     0x4  startup_stm32f407xx.o [1]
  .text               ro code  0x08007e1c     0x4  startup_stm32f407xx.o [1]
  .text               ro code  0x08007e20     0x4  startup_stm32f407xx.o [1]
  .text               ro code  0x08007e24     0x4  startup_stm32f407xx.o [1]
  .text               ro code  0x08007e28     0x4  startup_stm32f407xx.o [1]
  .text               ro code  0x08007e2c     0x4  startup_stm32f407xx.o [1]
  .text               ro code  0x08007e30     0x4  startup_stm32f407xx.o [1]
  .text               ro code  0x08007e34     0x4  startup_stm32f407xx.o [1]
  .text               ro code  0x08007e38     0x4  startup_stm32f407xx.o [1]
  .text               ro code  0x08007e3c     0x4  startup_stm32f407xx.o [1]
  .text               ro code  0x08007e40     0x4  startup_stm32f407xx.o [1]
  .text               ro code  0x08007e44     0x4  startup_stm32f407xx.o [1]
  .text               ro code  0x08007e48     0x4  startup_stm32f407xx.o [1]
  .text               ro code  0x08007e4c     0x4  startup_stm32f407xx.o [1]
  .text               ro code  0x08007e50     0x4  startup_stm32f407xx.o [1]
  .text               ro code  0x08007e54     0x4  startup_stm32f407xx.o [1]
  .text               ro code  0x08007e58     0x4  startup_stm32f407xx.o [1]
  .text               ro code  0x08007e5c     0x4  startup_stm32f407xx.o [1]
  .text               ro code  0x08007e60     0x4  startup_stm32f407xx.o [1]
  .text               ro code  0x08007e64     0x4  startup_stm32f407xx.o [1]
  .text               ro code  0x08007e68     0x4  startup_stm32f407xx.o [1]
  .text               ro code  0x08007e6c     0x4  startup_stm32f407xx.o [1]
  .text               ro code  0x08007e70     0x4  startup_stm32f407xx.o [1]
  .text               ro code  0x08007e74     0x4  startup_stm32f407xx.o [1]
  .text               ro code  0x08007e78     0x4  startup_stm32f407xx.o [1]
  .text               ro code  0x08007e7c     0x4  startup_stm32f407xx.o [1]
  .text               ro code  0x08007e80     0x4  startup_stm32f407xx.o [1]
  .text               ro code  0x08007e84     0x4  startup_stm32f407xx.o [1]
  .text               ro code  0x08007e88     0x4  startup_stm32f407xx.o [1]
  .text               ro code  0x08007e8c     0x4  startup_stm32f407xx.o [1]
  .text               ro code  0x08007e90     0x4  startup_stm32f407xx.o [1]
  .text               ro code  0x08007e94     0x4  startup_stm32f407xx.o [1]
  .text               ro code  0x08007e98     0x4  startup_stm32f407xx.o [1]
  .text               ro code  0x08007e9c     0x4  startup_stm32f407xx.o [1]
  .text               ro code  0x08007ea0     0x4  startup_stm32f407xx.o [1]
  .text               ro code  0x08007ea4     0x4  startup_stm32f407xx.o [1]
  .text               ro code  0x08007ea8     0x4  startup_stm32f407xx.o [1]
  .text               ro code  0x08007eac     0x4  startup_stm32f407xx.o [1]
  .text               ro code  0x08007eb0     0x4  startup_stm32f407xx.o [1]
  .text               ro code  0x08007eb4     0x4  startup_stm32f407xx.o [1]
  .text               ro code  0x08007eb8     0x4  startup_stm32f407xx.o [1]
  .text               ro code  0x08007ebc     0x4  startup_stm32f407xx.o [1]
  .text               ro code  0x08007ec0     0x4  startup_stm32f407xx.o [1]
  .text               ro code  0x08007ec4     0x4  startup_stm32f407xx.o [1]
  .text               ro code  0x08007ec8     0x4  startup_stm32f407xx.o [1]
  .text               ro code  0x08007ecc     0x4  startup_stm32f407xx.o [1]
  .text               ro code  0x08007ed0     0x4  startup_stm32f407xx.o [1]
  .text               ro code  0x08007ed4     0x4  startup_stm32f407xx.o [1]
  .text               ro code  0x08007ed8     0x4  startup_stm32f407xx.o [1]
  .text               ro code  0x08007edc     0x4  startup_stm32f407xx.o [1]
  .text               ro code  0x08007ee0     0x4  startup_stm32f407xx.o [1]
  .text               ro code  0x08007ee4     0x4  startup_stm32f407xx.o [1]
  .text               ro code  0x08007ee8     0x4  startup_stm32f407xx.o [1]
  .text               ro code  0x08007eec     0x4  startup_stm32f407xx.o [1]
  .text               ro code  0x08007ef0     0x4  startup_stm32f407xx.o [1]
  .text               ro code  0x08007ef4     0x4  startup_stm32f407xx.o [1]
  .text               ro code  0x08007ef8     0x4  startup_stm32f407xx.o [1]
  .text               ro code  0x08007efc     0x4  startup_stm32f407xx.o [1]
  .text               ro code  0x08007f00     0x4  startup_stm32f407xx.o [1]
  .text               ro code  0x08007f04     0x4  startup_stm32f407xx.o [1]
  .text               ro code  0x08007f08     0x4  startup_stm32f407xx.o [1]
  .text               ro code  0x08007f0c     0x4  startup_stm32f407xx.o [1]
  .text               ro code  0x08007f10     0x4  startup_stm32f407xx.o [1]
  .text               ro code  0x08007f14     0x4  startup_stm32f407xx.o [1]
  .text               ro code  0x08007f18     0x4  startup_stm32f407xx.o [1]
  .text               ro code  0x08007f1c     0x4  startup_stm32f407xx.o [1]
  .text               ro code  0x08007f20     0x4  startup_stm32f407xx.o [1]
  .text               ro code  0x08007f24     0x4  startup_stm32f407xx.o [1]
  .text               ro code  0x08007f28     0x4  startup_stm32f407xx.o [1]
  .text               ro code  0x08007f2c     0x4  startup_stm32f407xx.o [1]
  .text               ro code  0x08007f30     0x4  startup_stm32f407xx.o [1]
  .text               ro code  0x08007f34     0x4  startup_stm32f407xx.o [1]
  .text               ro code  0x08007f38     0x4  startup_stm32f407xx.o [1]
  .text               ro code  0x08007f3c     0x4  startup_stm32f407xx.o [1]
  .text               ro code  0x08007f40     0x4  startup_stm32f407xx.o [1]
  .rodata             const    0x08007f44     0x0  zero_init3.o [5]
  .rodata             const    0x08007f44     0x0  packbits_init_single.o [5]
  Initializer bytes   const    0x08007f44    0xa1  <for P2-1>
                             - 0x08007fe5  0x7e5d

"P2", part 1 of 3:                          0xaa1
  P2-1                         0x20000000   0xaa1  <Init block>
    .data             inited   0x20000000   0x190  OLEDUI.o [1]
    .data             inited   0x20000190   0x7d0  OLEDUI.o [1]
    .data             inited   0x20000960     0x4  system_stm32f4xx.o [1]
    .data             inited   0x20000964    0x40  xfiles.o [3]
    __DLIB_PERTHREAD  inited   0x200009a4    0x88  localeconv.o [3]
    __DLIB_PERTHREAD  inited   0x20000a2c    0x74  setlocale.o [3]
    .data             inited   0x20000aa0     0x1  sd_diskio.o [1]
                             - 0x20000aa1   0xaa1

"P2", part 2 of 3:                          0x600
  CSTACK                       0x20000aa8   0x400  <Block>
    CSTACK            uninit   0x20000aa8   0x400  <Block tail>
  HEAP                         0x20000ea8   0x200  <Block>
    HEAP              uninit   0x20000ea8   0x200  <Block tail>
                             - 0x200010a8   0x600

"P2", part 3 of 3:                          0x810
  .bss                zero     0x200010a8   0x290  SDFatfs.o [1]
  .bss                zero     0x20001338   0x230  SDFatfs.o [1]
  .bss                zero     0x20001568    0x84  sdio.o [1]
  .bss                zero     0x200015ec    0x50  xfiles.o [3]
  .bss                zero     0x2000163c    0x48  adc.o [1]
  .bss                zero     0x20001684    0x40  usart.o [1]
  .bss                zero     0x200016c4    0x3c  tim.o [1]
  .bss                zero     0x20001700    0x3c  tim.o [1]
  .bss                zero     0x2000173c    0x3c  tim.o [1]
  .bss                zero     0x20001778    0x3c  tim.o [1]
  .bss                zero     0x200017b4    0x3c  tim.o [1]
  .bss                zero     0x200017f0    0x2c  OLEDUI.o [1]
  .bss                zero     0x2000181c    0x20  stm32f4xx_hal_flash.o [1]
  .bss                zero     0x2000183c    0x18  ff.o [1]
  .bss                zero     0x20001854    0x14  dac.o [1]
  .bss                zero     0x20001868    0x10  data.o [1]
  .bss                zero     0x20001878     0xc  ff_gen_drv.o [1]
  .bss                zero     0x20001884     0x8  fatfs.o [1]
  .bss                zero     0x2000188c     0x8  ff.o [1]
  .bss                zero     0x20001894     0x8  flash.o [1]
  .bss                zero     0x2000189c     0x8  xxmemxmalloc.o [3]
  .bss                zero     0x200018a4     0x4  interrupt.o [1]
  .bss                zero     0x200018a8     0x4  OLEDUI.o [1]
  .bss                zero     0x200018ac     0x4  stm32f4xx_hal.o [1]
  .bss                zero     0x200018b0     0x4  xgetmemchunk.o [3]
  .bss                zero     0x200018b4     0x1  usersrc.o [1]
                             - 0x200018b5   0x80d


*******************************************************************************
*** INIT TABLE
***

          Address     Size
          -------     ----
Zero (__iar_zero_init3)
    1 destination range, total size 0x80d:
          0x200010a8  0x80d

Copy/packbits (__iar_packbits_init_single3)
    1 source range, total size 0xa1 (5% of destination):
          0x08007f44   0xa1
    1 destination range, total size 0xaa1:
          0x20000000  0xaa1



*******************************************************************************
*** MODULE SUMMARY
***

    Module                    ro code  ro data  rw data
    ------                    -------  -------  -------
D:\MCU\lab\f4\test2\EWARM\test2\Obj: [1]
    OLEDUI.o                    1 220      142    2 448
    SDFatfs.o                     320             1 216
    adc.o                         168                72
    bsp_driver_sd.o               132
    dac.o                         140                20
    data.o                         26                16
    diskio.o                      116
    fatfs.o                        28                 8
    ff.o                        6 052                32
    ff_gen_drv.o                   68                12
    flash.o                       436                 8
    gpio.o                        214
    i2c_gpio.o                    424
    init.o                        200
    interrupt.o                    72                 4
    main.o                        254
    mpu6050.o                     236
    oled.o                      1 332
    sd_diskio.o                   212       21        1
    sdio.o                        152               132
    startup_stm32f407xx.o         712
    stm32f4xx_hal.o               150                 4
    stm32f4xx_hal_adc.o           624
    stm32f4xx_hal_cortex.o        222
    stm32f4xx_hal_dac.o           116
    stm32f4xx_hal_dma.o            36
    stm32f4xx_hal_flash.o         468                32
    stm32f4xx_hal_flash_ex.o       80
    stm32f4xx_hal_gpio.o          480
    stm32f4xx_hal_msp.o            96
    stm32f4xx_hal_rcc.o         1 128
    stm32f4xx_hal_sd.o          2 972
    stm32f4xx_hal_tim.o         1 744
    stm32f4xx_hal_tim_ex.o         78
    stm32f4xx_hal_uart.o          854
    stm32f4xx_it.o                 80
    stm32f4xx_ll_sdmmc.o        1 324
    system_stm32f4xx.o             96        8        4
    tim.o                         800               300
    usart.o                       136                64
    usersrc.o                      28                 1
    ---------------------------------------------------
    Total:                     24 026      171    4 374

command line: [2]
    ---------------------------------------------------
    Total:

dl7M_tlf.a: [3]
    div.o                          14
    exit.o                          4
    localeconv.o                  108        8      136
    low_level_init.o                4
    printf.o                       36
    putchar.o                      12
    setlocale.o                    20        6      116
    sprintf.o                      52
    vsnprint.o                     60
    xencoding_sb.o                 96
    xfiles.o                                 4      144
    xgetmemchunk.o                 44                 4
    xmbcurmax.o                    10
    xmbtowc.o                      32
    xprintffull.o               4 490
    xprout.o                       22
    xsnprout.o                     26
    xsprout.o                      10
    xtls.o                          2
    xwctomb.o                      26
    xxmemxfree.o                  128
    xxmemxmalloc.o                176                 8
    ---------------------------------------------------
    Total:                      5 372       18      408

m7M_tls.a: [4]
    DblAdd.o                      212
    DblCmpGe.o                     46
    DblCmpLe.o                     46
    DblDiv.o                      598
    DblMul.o                      418
    DblSub.o                      384
    DblToI32.o                     88
    I32ToDbl.o                     48
    fpinit_M.o                     34
    xdnorm.o                       68
    xdscale.o                     276
    ---------------------------------------------------
    Total:                      2 218

rt7M_tl.a: [5]
    ABImemcpy_unaligned.o         118
    ABImemset.o                   102
    I64DivMod.o                   238
    I64DivZer.o                     2
    cexit.o                        10
    cmain.o                        26
    cstartup_M.o                   12
    data_init.o                    40
    memchr.o                       88
    packbits_init_single.o         56
    strchr.o                       22
    strlen.o                       54
    zero_init3.o                   64
    ---------------------------------------------------
    Total:                        832

shb_l.a: [6]
    exit.o                         20
    ---------------------------------------------------
    Total:                         20

    Gaps                           50        2
    Linker created                          32    1 536
-------------------------------------------------------
    Grand Total:               32 518      223    6 318


*******************************************************************************
*** ENTRY LIST
***

Entry                      Address   Size  Type      Object
-----                      -------   ----  ----      ------
.iar.init_table$$Base   0x08007d38          --   Gb  - Linker created -
.iar.init_table$$Limit  0x08007d58          --   Gb  - Linker created -
?main                   0x08007d75         Code  Gb  cmain.o [5]
ADC_Init                0x08006981   0xe8  Code  Lc  stm32f4xx_hal_adc.o [1]
AHBPrescTable           0x08007c04   0x10  Data  Gb  system_stm32f4xx.o [1]
APBPrescTable           0x08007e0c    0x8  Data  Gb  system_stm32f4xx.o [1]
BSP_SD_GetCardInfo      0x08007ba7    0x8  Code  Gb  bsp_driver_sd.o [1]
BSP_SD_GetCardState     0x08007b93   0x14  Code  Gb  bsp_driver_sd.o [1]
BSP_SD_Init             0x08007b31   0x32  Code  Gb  bsp_driver_sd.o [1]
BSP_SD_ReadBlocks       0x08007b63    0xe  Code  Gb  bsp_driver_sd.o [1]
BSP_SD_WriteBlocks      0x08007b71    0xc  Code  Gb  bsp_driver_sd.o [1]
BusFault_Handler        0x08007c1b    0x2  Code  Gb  stm32f4xx_it.o [1]
CSTACK$$Base            0x20000aa8          --   Gb  - Linker created -
CSTACK$$Limit           0x20000ea8          --   Gb  - Linker created -
CheckKey                0x08005e65   0xf4  Code  Gb  OLEDUI.o [1]
DataInput               0x0800594d    0x6  Code  Gb  data.o [1]
DataNameWriteFatfs      0x08005cf9   0x2e  Code  Gb  OLEDUI.o [1]
DataSave                0x08005959    0xe  Code  Gb  data.o [1]
DataWriteFatfs          0x08005d2f   0x4c  Code  Gb  OLEDUI.o [1]
DebugMon_Handler        0x08007c21    0x2  Code  Gb  stm32f4xx_it.o [1]
EndSector               0x20001898    0x4  Data  Gb  flash.o [1]
EraseFlash              0x08006fdf   0x10  Code  Gb  flash.o [1]
Error_Handler           0x080058fd    0x2  Code  Gb  main.o [1]
ExCvt                   0x08000a38   0x80  Data  Lc  ff.o [1]
F6x8                    0x080073f8  0x228  Data  Gb  oled.o [1]
FATFS_LinkDriver        0x08001a77    0x4  Code  Gb  ff_gen_drv.o [1]
FATFS_LinkDriverEx      0x08001a3d   0x3a  Code  Gb  ff_gen_drv.o [1]
FLASH_Erase_Sector      0x080079d1   0x4a  Code  Gb  stm32f4xx_hal_flash_ex.o [1]
FLASH_Program_Byte      0x0800793f   0x1a  Code  Lc  stm32f4xx_hal_flash.o [1]
FLASH_Program_DoubleWord
                        0x080078df   0x24  Code  Lc  stm32f4xx_hal_flash.o [1]
FLASH_Program_HalfWord  0x08007921   0x1e  Code  Lc  stm32f4xx_hal_flash.o [1]
FLASH_Program_Word      0x08007903   0x1e  Code  Lc  stm32f4xx_hal_flash.o [1]
FLASH_SetErrorCode      0x08007959   0x60  Code  Lc  stm32f4xx_hal_flash.o [1]
FLASH_WaitForLastOperation
                        0x08007893   0x4c  Code  Gb  stm32f4xx_hal_flash.o [1]
FatFs                   0x20001890    0x4  Data  Lc  ff.o [1]
Files                   0x2000183c   0x18  Data  Lc  ff.o [1]
FlashInit               0x08006f39   0x3c  Code  Gb  flash.o [1]
Fsid                    0x2000188c    0x2  Data  Lc  ff.o [1]
GetSector               0x08006fef   0x9c  Code  Gb  flash.o [1]
HAL_ADC_ConfigChannel   0x0800685d  0x10c  Code  Gb  stm32f4xx_hal_adc.o [1]
HAL_ADC_Init            0x0800680d   0x50  Code  Gb  stm32f4xx_hal_adc.o [1]
HAL_ADC_MspInit         0x08005b57   0x3e  Code  Gb  adc.o [1]
HAL_DAC_ConfigChannel   0x080067bf   0x42  Code  Gb  stm32f4xx_hal_dac.o [1]
HAL_DAC_Init            0x08006799   0x26  Code  Gb  stm32f4xx_hal_dac.o [1]
HAL_DAC_MspInit         0x08005ab1   0x3e  Code  Gb  dac.o [1]
HAL_DMA_Abort_IT        0x08004add   0x24  Code  Gb  stm32f4xx_hal_dma.o [1]
HAL_Delay               0x08004aa9   0x1e  Code  Wk  stm32f4xx_hal.o [1]
HAL_FLASH_Lock          0x08007885    0x8  Code  Gb  stm32f4xx_hal_flash.o [1]
HAL_FLASH_Program       0x080077fd   0x74  Code  Gb  stm32f4xx_hal_flash.o [1]
HAL_FLASH_Unlock        0x08007871   0x14  Code  Gb  stm32f4xx_hal_flash.o [1]
HAL_GPIO_Init           0x08004b01  0x1a4  Code  Gb  stm32f4xx_hal_gpio.o [1]
HAL_GPIO_TogglePin      0x08004cad    0x8  Code  Gb  stm32f4xx_hal_gpio.o [1]
HAL_GPIO_WritePin       0x08004ca5    0x8  Code  Gb  stm32f4xx_hal_gpio.o [1]
HAL_GetTick             0x08004ac9    0xc  Code  Wk  stm32f4xx_hal.o [1]
HAL_IncTick             0x08007c65   0x10  Code  Wk  stm32f4xx_hal.o [1]
HAL_Init                0x08005969   0x30  Code  Gb  stm32f4xx_hal.o [1]
HAL_InitTick            0x08006711   0x28  Code  Wk  stm32f4xx_hal.o [1]
HAL_MspInit             0x08006739   0x60  Code  Gb  stm32f4xx_hal_msp.o [1]
HAL_NVIC_EnableIRQ      0x08004d4f    0xc  Code  Gb  stm32f4xx_hal_cortex.o [1]
HAL_NVIC_SetPriority    0x08004d15   0x3a  Code  Gb  stm32f4xx_hal_cortex.o [1]
HAL_NVIC_SetPriorityGrouping
                        0x08004cfb   0x1a  Code  Gb  stm32f4xx_hal_cortex.o [1]
HAL_RCC_ClockConfig     0x08006455  0x12a  Code  Gb  stm32f4xx_hal_rcc.o [1]
HAL_RCC_GetHCLKFreq     0x0800658d    0x6  Code  Gb  stm32f4xx_hal_rcc.o [1]
HAL_RCC_GetPCLK1Freq    0x08006593   0x10  Code  Gb  stm32f4xx_hal_rcc.o [1]
HAL_RCC_GetPCLK2Freq    0x080065a3    0xe  Code  Gb  stm32f4xx_hal_rcc.o [1]
HAL_RCC_GetSysClockFreq
                        0x080065d1   0x54  Code  Wk  stm32f4xx_hal_rcc.o [1]
HAL_RCC_OscConfig       0x080061bd  0x298  Code  Wk  stm32f4xx_hal_rcc.o [1]
HAL_SD_AbortCallback    0x08004ad9    0x2  Code  Wk  stm32f4xx_hal_sd.o [1]
HAL_SD_ConfigWideBusOperation
                        0x0800408b  0x102  Code  Gb  stm32f4xx_hal_sd.o [1]
HAL_SD_ErrorCallback    0x08004adb    0x2  Code  Wk  stm32f4xx_hal_sd.o [1]
HAL_SD_GetCardCSD       0x08003e9b  0x1cc  Code  Gb  stm32f4xx_hal_sd.o [1]
HAL_SD_GetCardInfo      0x08004067   0x24  Code  Gb  stm32f4xx_hal_sd.o [1]
HAL_SD_GetCardState     0x08004197   0x26  Code  Gb  stm32f4xx_hal_sd.o [1]
HAL_SD_IRQHandler       0x08003cfd  0x16e  Code  Gb  stm32f4xx_hal_sd.o [1]
HAL_SD_Init             0x08003951   0x32  Code  Gb  stm32f4xx_hal_sd.o [1]
HAL_SD_InitCard         0x08003983   0x64  Code  Gb  stm32f4xx_hal_sd.o [1]
HAL_SD_MspInit          0x080044fb   0x5c  Code  Gb  sdio.o [1]
HAL_SD_ReadBlocks       0x080039e7  0x18c  Code  Gb  stm32f4xx_hal_sd.o [1]
HAL_SD_RxCpltCallback   0x08004ad5    0x2  Code  Wk  stm32f4xx_hal_sd.o [1]
HAL_SD_TxCpltCallback   0x08004ad7    0x2  Code  Wk  stm32f4xx_hal_sd.o [1]
HAL_SD_WriteBlocks      0x08003b7f  0x158  Code  Gb  stm32f4xx_hal_sd.o [1]
HAL_SYSTICK_CLKSourceConfig
                        0x08004d8b   0x14  Code  Gb  stm32f4xx_hal_cortex.o [1]
HAL_SYSTICK_Callback    0x08004dbd    0x2  Code  Wk  stm32f4xx_hal_cortex.o [1]
HAL_SYSTICK_Config      0x08004d63   0x28  Code  Gb  stm32f4xx_hal_cortex.o [1]
HAL_SYSTICK_IRQHandler  0x08004db9    0x4  Code  Gb  stm32f4xx_hal_cortex.o [1]
HAL_TIMEx_BreakCallback
                        0x080057f9    0x2  Code  Wk  stm32f4xx_hal_tim_ex.o [1]
HAL_TIMEx_CommutationCallback
                        0x080057fd    0x2  Code  Wk  stm32f4xx_hal_tim_ex.o [1]
HAL_TIMEx_MasterConfigSynchronization
                        0x08005901   0x4a  Code  Gb  stm32f4xx_hal_tim_ex.o [1]
HAL_TIM_Base_Init       0x08004dc1   0x1a  Code  Gb  stm32f4xx_hal_tim.o [1]
HAL_TIM_Base_MspInit    0x080055df   0x8c  Code  Gb  tim.o [1]
HAL_TIM_Base_Start_IT   0x08004ddb   0x16  Code  Gb  stm32f4xx_hal_tim.o [1]
HAL_TIM_ConfigClockSource
                        0x0800511d   0xa8  Code  Gb  stm32f4xx_hal_tim.o [1]
HAL_TIM_Encoder_Init    0x08004e65   0x84  Code  Gb  stm32f4xx_hal_tim.o [1]
HAL_TIM_Encoder_MspInit
                        0x0800566b   0x78  Code  Gb  tim.o [1]
HAL_TIM_IC_CaptureCallback
                        0x080057ab    0x2  Code  Wk  stm32f4xx_hal_tim.o [1]
HAL_TIM_IRQHandler      0x08004ef1  0x142  Code  Gb  stm32f4xx_hal_tim.o [1]
HAL_TIM_MspPostInit     0x080056f1   0x58  Code  Gb  tim.o [1]
HAL_TIM_OC_DelayElapsedCallback
                        0x080057ad    0x2  Code  Wk  stm32f4xx_hal_tim.o [1]
HAL_TIM_PWM_ConfigChannel
                        0x08005039   0xb8  Code  Gb  stm32f4xx_hal_tim.o [1]
HAL_TIM_PWM_Init        0x08004e1b   0x1a  Code  Gb  stm32f4xx_hal_tim.o [1]
HAL_TIM_PWM_MspInit     0x080057a9    0x2  Code  Wk  stm32f4xx_hal_tim.o [1]
HAL_TIM_PWM_PulseFinishedCallback
                        0x080057ff    0x2  Code  Wk  stm32f4xx_hal_tim.o [1]
HAL_TIM_PWM_Start       0x08004e3d   0x14  Code  Gb  stm32f4xx_hal_tim.o [1]
HAL_TIM_PeriodElapsedCallback
                        0x080057b1   0x3a  Code  Gb  interrupt.o [1]
HAL_TIM_TriggerCallback
                        0x080057fb    0x2  Code  Wk  stm32f4xx_hal_tim.o [1]
HAL_UART_Init           0x08006a7d   0x28  Code  Gb  stm32f4xx_hal_uart.o [1]
HAL_UART_MspInit        0x08005bd9   0x48  Code  Gb  usart.o [1]
HAL_UART_Receive_IT     0x08006ba1   0x4a  Code  Gb  stm32f4xx_hal_uart.o [1]
HAL_UART_Transmit       0x08006aeb   0xa0  Code  Gb  stm32f4xx_hal_uart.o [1]
HEAP$$Base              0x20000ea8          --   Gb  - Linker created -
HEAP$$Limit             0x200010a8          --   Gb  - Linker created -
HardFault_Handler       0x08007c17    0x2  Code  Gb  stm32f4xx_it.o [1]
I2C_Read                0x08007799   0x52  Code  Gb  i2c_gpio.o [1]
I2C_Read_Byte           0x080076f5   0x54  Code  Lc  i2c_gpio.o [1]
I2C_Send_Byte           0x080076cb   0x2a  Code  Lc  i2c_gpio.o [1]
I2C_Start               0x08007663   0x1a  Code  Lc  i2c_gpio.o [1]
I2C_Stop                0x0800767d   0x1a  Code  Lc  i2c_gpio.o [1]
I2C_Wait_Ack            0x0800769d   0x2e  Code  Lc  i2c_gpio.o [1]
I2C_Write               0x0800775b   0x3e  Code  Gb  i2c_gpio.o [1]
InitAll                 0x08005c81   0x38  Code  Gb  init.o [1]
LCD_CLS                 0x080071ab   0x2a  Code  Gb  oled.o [1]
LCD_ClearLine           0x080071db   0x1e  Code  Gb  oled.o [1]
LCD_DLY_ms              0x080071fd   0x1a  Code  Gb  oled.o [1]
LCD_Fill                0x0800717f   0x2c  Code  Gb  oled.o [1]
LCD_P6x8Str             0x0800730d   0x42  Code  Gb  oled.o [1]
LCD_P6x8StrW            0x0800734f   0x46  Code  Gb  oled.o [1]
LCD_Set_Pos             0x0800715b   0x24  Code  Gb  oled.o [1]
LCD_WrCmd               0x08007129   0x32  Code  Gb  oled.o [1]
LCD_WrDat               0x080070ed   0x3a  Code  Gb  oled.o [1]
LoadInt                 0x080020e7   0x6e  Code  Lc  xprintffull.o [3]
MPU6050_GetData         0x0800667f   0x92  Code  Gb  mpu6050.o [1]
MPU6050_Init            0x08006625   0x36  Code  Gb  mpu6050.o [1]
MPU6050_ReadReg         0x0800666b   0x14  Code  Lc  mpu6050.o [1]
MPU6050_WriteReg        0x0800665b   0x10  Code  Lc  mpu6050.o [1]
MX_ADC1_Init            0x08005b01   0x56  Code  Gb  adc.o [1]
MX_DAC_Init             0x08005a75   0x3c  Code  Gb  dac.o [1]
MX_FATFS_Init           0x08001a21   0x10  Code  Gb  fatfs.o [1]
MX_GPIO_Init            0x0800599d   0xae  Code  Gb  gpio.o [1]
MX_SDIO_SD_Init         0x080044e5   0x16  Code  Gb  sdio.o [1]
MX_TIM2_Init            0x08005489    0xc  Code  Gb  tim.o [1]
MX_TIM3_Init            0x08005495    0xa  Code  Gb  tim.o [1]
MX_TIM4_Init            0x0800552f    0xc  Code  Gb  tim.o [1]
MX_TIM8_Init            0x0800553b    0xc  Code  Gb  tim.o [1]
MX_TIM9_Init            0x0800559f   0x34  Code  Gb  tim.o [1]
MX_USART1_UART_Init     0x08005ba9   0x30  Code  Gb  usart.o [1]
MemManage_Handler       0x08007c19    0x2  Code  Gb  stm32f4xx_it.o [1]
NMI_Handler             0x08007c15    0x2  Code  Gb  stm32f4xx_it.o [1]
NVIC_SetPriority        0x08004ce1   0x1a  Code  Lc  stm32f4xx_hal_cortex.o [1]
OLED_Init               0x08007217   0xee  Code  Gb  oled.o [1]
OledShow                0x08005f71   0x38  Code  Gb  OLEDUI.o [1]
OledShow::lastpage1     0x20001818    0x4  Data  Lc  OLEDUI.o [1]
Para2Flash              0x08006081   0x3a  Code  Gb  OLEDUI.o [1]
PendSV_Handler          0x08007c23    0x2  Code  Gb  stm32f4xx_it.o [1]
ReadFlash               0x08006fc7   0x18  Code  Gb  flash.o [1]
Region$$Table$$Base     0x08007d38          --   Gb  - Linker created -
Region$$Table$$Limit    0x08007d58          --   Gb  - Linker created -
SDFatFSInit             0x08006df9   0x26  Code  Gb  SDFatfs.o [1]
SDFatFSOpen             0x08006e1f   0x3a  Code  Gb  SDFatfs.o [1]
SDFatFSRead             0x08006e65   0x5c  Code  Gb  SDFatfs.o [1]
SDIO_ConfigData         0x080045f9   0x1e  Code  Gb  stm32f4xx_ll_sdmmc.o [1]
SDIO_GetPowerState      0x080045bb    0x8  Code  Gb  stm32f4xx_ll_sdmmc.o [1]
SDIO_GetResponse        0x080045e5   0x14  Code  Gb  stm32f4xx_ll_sdmmc.o [1]
SDIO_IRQHandler         0x08007c4b    0x6  Code  Gb  stm32f4xx_it.o [1]
SDIO_Init               0x0800457d   0x28  Code  Gb  stm32f4xx_ll_sdmmc.o [1]
SDIO_PowerState_ON      0x080045b1    0x4  Code  Gb  stm32f4xx_ll_sdmmc.o [1]
SDIO_ReadFIFO           0x080045a5    0x2  Code  Gb  stm32f4xx_ll_sdmmc.o [1]
SDIO_SendCommand        0x080045c3   0x22  Code  Gb  stm32f4xx_ll_sdmmc.o [1]
SDIO_WriteFIFO          0x080045a7    0xa  Code  Gb  stm32f4xx_ll_sdmmc.o [1]
SDMMC_CmdAppCommand     0x08004785   0x14  Code  Gb  stm32f4xx_ll_sdmmc.o [1]
SDMMC_CmdAppOperCommand
                        0x08004799   0x1c  Code  Gb  stm32f4xx_ll_sdmmc.o [1]
SDMMC_CmdBlockLength    0x08004625   0x14  Code  Gb  stm32f4xx_ll_sdmmc.o [1]
SDMMC_CmdBusWidth       0x080047b5    0x4  Code  Gb  stm32f4xx_ll_sdmmc.o [1]
SDMMC_CmdGoIdleState    0x080046d7   0x38  Code  Gb  stm32f4xx_ll_sdmmc.o [1]
SDMMC_CmdOperCond       0x0800470f   0x4a  Code  Gb  stm32f4xx_ll_sdmmc.o [1]
SDMMC_CmdReadMultiBlock
                        0x0800464d   0x14  Code  Gb  stm32f4xx_ll_sdmmc.o [1]
SDMMC_CmdReadSingleBlock
                        0x08004639   0x14  Code  Gb  stm32f4xx_ll_sdmmc.o [1]
SDMMC_CmdSelDesel       0x080046b7   0x20  Code  Gb  stm32f4xx_ll_sdmmc.o [1]
SDMMC_CmdSendCID        0x080047d9   0x16  Code  Gb  stm32f4xx_ll_sdmmc.o [1]
SDMMC_CmdSendCSD        0x080047ef   0x10  Code  Gb  stm32f4xx_ll_sdmmc.o [1]
SDMMC_CmdSendSCR        0x080047b9   0x16  Code  Gb  stm32f4xx_ll_sdmmc.o [1]
SDMMC_CmdSendStatus     0x080048b3   0x14  Code  Gb  stm32f4xx_ll_sdmmc.o [1]
SDMMC_CmdSetRelAdd      0x08004817   0x8c  Code  Gb  stm32f4xx_ll_sdmmc.o [1]
SDMMC_CmdStopTransfer   0x080046a1   0x16  Code  Gb  stm32f4xx_ll_sdmmc.o [1]
SDMMC_CmdWriteMultiBlock
                        0x08004675   0x14  Code  Gb  stm32f4xx_ll_sdmmc.o [1]
SDMMC_CmdWriteSingleBlock
                        0x08004661   0x14  Code  Gb  stm32f4xx_ll_sdmmc.o [1]
SDMMC_GetCmdResp1       0x080048fb  0x114  Code  Lc  stm32f4xx_ll_sdmmc.o [1]
SDMMC_GetCmdResp2       0x08004a0f   0x3e  Code  Lc  stm32f4xx_ll_sdmmc.o [1]
SDMMC_GetCmdResp3       0x08004a4d   0x34  Code  Lc  stm32f4xx_ll_sdmmc.o [1]
SD_DMARxAbort           0x0800423d   0x38  Code  Lc  stm32f4xx_hal_sd.o [1]
SD_DMATxAbort           0x08004201   0x38  Code  Lc  stm32f4xx_hal_sd.o [1]
SD_Driver               0x08007ddc   0x14  Data  Gb  sd_diskio.o [1]
SD_FindSCR              0x080043f1   0xde  Code  Lc  stm32f4xx_hal_sd.o [1]
SD_InitCard             0x0800428b   0xc4  Code  Lc  stm32f4xx_hal_sd.o [1]
SD_Path                 0x20001888    0x4  Data  Gb  fatfs.o [1]
SD_PowerON              0x08004357   0x92  Code  Lc  stm32f4xx_hal_sd.o [1]
SD_initialize           0x08007a5d    0xe  Code  Gb  sd_diskio.o [1]
SD_ioctl                0x08007add   0x48  Code  Gb  sd_diskio.o [1]
SD_read                 0x08007a85   0x26  Code  Gb  sd_diskio.o [1]
SD_status               0x08007a6b    0xc  Code  Gb  sd_diskio.o [1]
SD_write                0x08007aab   0x26  Code  Gb  sd_diskio.o [1]
SVC_Handler             0x08007c1f    0x2  Code  Gb  stm32f4xx_it.o [1]
SendOscilloscope        0x08005d89   0x30  Code  Gb  OLEDUI.o [1]
ShowUnder               0x08005fad   0xaa  Code  Gb  OLEDUI.o [1]
ShowUpper               0x08005db9   0x60  Code  Gb  OLEDUI.o [1]
ShowUpper::lastpage2    0x200018a8    0x4  Data  Lc  OLEDUI.o [1]
StartSector             0x20001894    0x4  Data  Gb  flash.o [1]
Stat                    0x20000aa0    0x1  Data  Lc  sd_diskio.o [1]
SysRun                  0x08005e19   0x4c  Code  Gb  OLEDUI.o [1]
SysTick_Handler         0x08007c25    0xe  Code  Gb  stm32f4xx_it.o [1]
SystemClock_Config      0x08005845   0xae  Code  Gb  main.o [1]
SystemCoreClock         0x20000960    0x4  Data  Gb  system_stm32f4xx.o [1]
SystemInit              0x08007bb5   0x3a  Code  Gb  system_stm32f4xx.o [1]
T                       0x200018a4    0x4  Data  Gb  interrupt.o [1]
TIM1_BRK_TIM9_IRQHandler
                        0x08007c33    0x6  Code  Gb  stm32f4xx_it.o [1]
TIM2_IRQHandler         0x08007c39    0x6  Code  Gb  stm32f4xx_it.o [1]
TIM3_IRQHandler         0x08007c3f    0x6  Code  Gb  stm32f4xx_it.o [1]
TIM4_IRQHandler         0x08007c45    0x6  Code  Gb  stm32f4xx_it.o [1]
TIM_Base_SetConfig      0x080051ed   0x90  Code  Gb  stm32f4xx_hal_tim.o [1]
TIM_CCxChannelCmd       0x080052dd   0x18  Code  Gb  stm32f4xx_hal_tim.o [1]
TIM_ETR_SetConfig       0x08005473   0x14  Code  Lc  stm32f4xx_hal_tim.o [1]
TIM_ITRx_SetConfig      0x08005463   0x10  Code  Lc  stm32f4xx_hal_tim.o [1]
TIM_OC1_SetConfig       0x080052f5   0x4a  Code  Lc  stm32f4xx_hal_tim.o [1]
TIM_OC2_SetConfig       0x08005285   0x52  Code  Gb  stm32f4xx_hal_tim.o [1]
TIM_OC3_SetConfig       0x0800534b   0x56  Code  Lc  stm32f4xx_hal_tim.o [1]
TIM_OC4_SetConfig       0x080053a7   0x46  Code  Lc  stm32f4xx_hal_tim.o [1]
TIM_TI1_ConfigInputStage
                        0x0800541d   0x22  Code  Lc  stm32f4xx_hal_tim.o [1]
TIM_TI2_ConfigInputStage
                        0x0800543f   0x24  Code  Lc  stm32f4xx_hal_tim.o [1]
TimInit                 0x08005c31   0x3e  Code  Gb  init.o [1]
UART_SetConfig          0x08006c55  0x13a  Code  Lc  stm32f4xx_hal_uart.o [1]
UART_WaitOnFlagUntilTimeout
                        0x08006bff   0x56  Code  Lc  stm32f4xx_hal_uart.o [1]
UIInit                  0x080060c1   0x4c  Code  Gb  OLEDUI.o [1]
UartInit                0x08005c77    0xa  Code  Gb  init.o [1]
UsageFault_Handler      0x08007c1d    0x2  Code  Gb  stm32f4xx_it.o [1]
WriteFlash              0x08006f75   0x52  Code  Gb  flash.o [1]
_EncodingSb_Mbtowc      0x08003803   0x30  Code  Gb  xencoding_sb.o [3]
_EncodingSb_Mbtowc::initial
                        0x08003840    0x8  Data  Lc  xencoding_sb.o [3]
_EncodingSb_Wctomb      0x080037e9   0x1a  Code  Gb  xencoding_sb.o [3]
_EncodingSb_Wctomb::initial
                        0x08003838    0x8  Data  Lc  xencoding_sb.o [3]
_GenldFull              0x0800296d  0x254  Code  Lc  xprintffull.o [3]
_IsdstStr               0x20000a30    0x4  Data  Gb  setlocale.o [3]
_LdtobFull              0x0800256d  0x3fa  Code  Lc  xprintffull.o [3]
_LitobFull              0x08002461  0x10a  Code  Lc  xprintffull.o [3]
_LocaleEncoding         0x080037d5    0xe  Code  Gb  setlocale.o [3]
_LocaleReturnString     0x20000a50   0x50  Data  Lc  setlocale.o [3]
_Locale_Profile         0x20000a34   0x1c  Data  Gb  setlocale.o [3]
_Locale_aeabi_lconv     0x200009f4   0x38  Data  Gb  localeconv.o [3]
_Locale_lconv           0x200009a4   0x50  Data  Gb  localeconv.o [3]
_Mbtowc                 0x08002c0b   0x20  Code  Gb  xmbtowc.o [3]
_PrintfFull             0x08001a81  0x650  Code  Gb  xprintffull.o [3]
_Prout                  0x08007db9   0x16  Code  Gb  xprout.o [3]
_PutcharsFull           0x08002bc1   0x2e  Code  Lc  xprintffull.o [3]
_PutstrFull             0x08002155  0x306  Code  Lc  xprintffull.o [3]
_SNProut                0x08001993   0x1a  Code  Gb  xsnprout.o [3]
_SProut                 0x08002c2b    0xa  Code  Gb  xsprout.o [3]
_TzoneStr               0x20000a2c    0x4  Data  Gb  setlocale.o [3]
_Wctomb                 0x08002d99   0x1a  Code  Gb  xwctomb.o [3]
__aeabi_cdcmple         0x08002fe1         Code  Gb  DblCmpLe.o [4]
__aeabi_cdrcmple        0x08003011         Code  Gb  DblCmpGe.o [4]
__aeabi_d2iz            0x08003155         Code  Gb  DblToI32.o [4]
__aeabi_d2uiz           0x08003181         Code  Gb  DblToI32.o [4]
__aeabi_ddiv            0x08003501         Code  Gb  DblDiv.o [4]
__aeabi_dmul            0x0800335d         Code  Gb  DblMul.o [4]
__aeabi_dsub            0x080031dd         Code  Gb  DblSub.o [4]
__aeabi_i2d             0x080031ad         Code  Gb  I32ToDbl.o [4]
__aeabi_ldiv0           0x08003875         Code  Gb  I64DivZer.o [5]
__aeabi_memset          0x0800192d         Code  Gb  ABImemset.o [5]
__aeabi_ui2d            0x080031c1         Code  Gb  I32ToDbl.o [4]
__aeabi_uldivmod        0x08002ead         Code  Gb  I64DivMod.o [5]
__cmain                 0x08007d75         Code  Gb  cmain.o [5]
__data_Aldata           0x2000189c    0x8  Data  Gb  xxmemxmalloc.o [3]
__data_GetMemChunk      0x08003849   0x2c  Code  Gb  xgetmemchunk.o [3]
__data_GetMemChunk::start
                        0x200018b0    0x4  Data  Lc  xgetmemchunk.o [3]
__exit                  0x08007da5   0x14  Code  Gb  exit.o [6]
__iar_Dnorm             0x08002f9b   0x44  Code  Gb  xdnorm.o [4]
__iar_Dscale            0x08003041  0x114  Code  Gb  xdscale.o [4]
__iar_Locale_lconv_init
                        0x08003759   0x3a  Code  Gb  localeconv.o [3]
__iar_Mbcurmax          0x08002cdd    0xa  Code  Gb  xmbcurmax.o [3]
__iar_Memchr            0x08002c85         Code  Gb  memchr.o [5]
__iar_Memset            0x0800192d         Code  Gb  ABImemset.o [5]
__iar_Memset_word       0x08001935         Code  Gb  ABImemset.o [5]
__iar_Stdout            0x20000964   0x40  Data  Gb  xfiles.o [3]
__iar_Strchr            0x08002c35         Code  Gb  strchr.o [5]
__iar_d2uiz             0x0800318d         Code  Gb  DblToI32.o [4]
__iar_dadd              0x08003879         Code  Gb  DblAdd.o [4]
__iar_data_init3        0x08007ced   0x28  Code  Gb  data_init.o [5]
__iar_dlib_perthread_access
                        0x0800394d    0x2  Code  Gb  xtls.o [3]
__iar_dsub              0x080031f1         Code  Gb  DblSub.o [4]
__iar_dsubStart         0x08003203         Code  Gb  DblSub.o [4]
__iar_init_vfp          0x08007d15         Code  Gb  fpinit_M.o [4]
__iar_packbits_init_single3
                        0x08007cb5   0x38  Code  Gb  packbits_init_single.o [5]
__iar_program_start     0x08007e01         Code  Gb  cstartup_M.o [5]
__iar_ui2d              0x080031c5         Code  Gb  I32ToDbl.o [4]
__iar_unaligned___aeabi_memcpy
                        0x08002db5         Code  Gb  ABImemcpy_unaligned.o [5]
__iar_unaligned___aeabi_memcpy4
                        0x08002dd5         Code  Gb  ABImemcpy_unaligned.o [5]
__iar_unaligned___aeabi_memcpy8
                        0x08002dd5         Code  Gb  ABImemcpy_unaligned.o [5]
__iar_zero_init3        0x08007c75   0x40  Code  Gb  zero_init3.o [5]
__low_level_init        0x08007d8f    0x4  Code  Gb  low_level_init.o [3]
__vector_table          0x08000000         Data  Gb  startup_stm32f407xx.o [1]
_call_main              0x08007d81         Code  Gb  cmain.o [5]
_exit                   0x08007d99         Code  Gb  cexit.o [5]
_main                   0x08007d8b         Code  Gb  cmain.o [5]
button                  0x200017fc    0x1  Data  Gb  OLEDUI.o [1]
check_fs                0x08000ba7   0x62  Code  Lc  ff.o [1]
chk_lock                0x080001ab   0x66  Code  Lc  ff.o [1]
clear_lock              0x080002c5   0x1e  Code  Lc  ff.o [1]
clmt_clust              0x080006ef   0x2e  Code  Lc  ff.o [1]
clust2sect              0x08000409   0x20  Code  Gb  ff.o [1]
create_chain            0x0800063f   0xb0  Code  Lc  ff.o [1]
create_name             0x08000937   0xf0  Code  Lc  ff.o [1]
dec_lock                0x0800028d   0x38  Code  Lc  ff.o [1]
dir_next                0x080007a1   0xf0  Code  Lc  ff.o [1]
dir_register            0x080008c3   0x66  Code  Lc  ff.o [1]
dir_sdi                 0x0800071d   0x84  Code  Lc  ff.o [1]
disk                    0x20001878    0xc  Data  Gb  ff_gen_drv.o [1]
disk_initialize         0x080019bf   0x1e  Code  Gb  diskio.o [1]
disk_ioctl              0x08001a05   0x18  Code  Gb  diskio.o [1]
disk_read               0x080019dd    0xc  Code  Gb  diskio.o [1]
disk_status             0x080019ad   0x12  Code  Gb  diskio.o [1]
disk_write              0x080019e9    0xc  Code  Gb  diskio.o [1]
div                     0x080037c5    0xe  Code  Gb  div.o [3]
exit                    0x08007d93    0x4  Code  Gb  exit.o [3]
f_close                 0x08001475   0x2c  Code  Gb  ff.o [1]
f_gets                  0x080016f9   0x46  Code  Gb  ff.o [1]
f_lseek                 0x080014a1  0x1f0  Code  Gb  ff.o [1]
f_mount                 0x08000f17   0x5a  Code  Gb  ff.o [1]
f_open                  0x08000f71  0x184  Code  Gb  ff.o [1]
f_printf                0x0800178f  0x18e  Code  Gb  ff.o [1]
f_read                  0x08001111  0x12a  Code  Gb  ff.o [1]
f_sync                  0x080013d7   0x9e  Code  Gb  ff.o [1]
f_write                 0x0800124f  0x154  Code  Gb  ff.o [1]
fil                     0x200010a8  0x22c  Data  Gb  SDFatfs.o [1]
find_volume             0x08000c17  0x2be  Code  Lc  ff.o [1]
follow_path             0x08000ab9   0xaa  Code  Lc  ff.o [1]
fputc                   0x08007d59   0x14  Code  Gb  usersrc.o [1]
free                    0x08002e2d   0x7a  Code  Gb  xxmemxfree.o [3]
fs                      0x20001338  0x230  Data  Gb  SDFatfs.o [1]
get_fat                 0x08000429   0xbc  Code  Gb  ff.o [1]
get_fattime             0x08001a39    0x4  Code  Gb  fatfs.o [1]
get_ldnumber            0x08000b69   0x3e  Code  Lc  ff.o [1]
hadc1                   0x2000163c   0x48  Data  Gb  adc.o [1]
hdac                    0x20001854   0x14  Data  Gb  dac.o [1]
hsd                     0x20001568   0x84  Data  Gb  sdio.o [1]
htim2                   0x200016c4   0x3c  Data  Gb  tim.o [1]
htim3                   0x20001700   0x3c  Data  Gb  tim.o [1]
htim4                   0x2000173c   0x3c  Data  Gb  tim.o [1]
htim8                   0x20001778   0x3c  Data  Gb  tim.o [1]
htim9                   0x200017b4   0x3c  Data  Gb  tim.o [1]
huart1                  0x20001684   0x40  Data  Gb  usart.o [1]
inc_lock                0x08000211   0x7c  Code  Lc  ff.o [1]
indata                  0x20001868   0x10  Data  Gb  data.o [1]
ld_clust                0x08000891   0x20  Code  Lc  ff.o [1]
localeconv              0x08003793   0x16  Code  Gb  localeconv.o [3]
main                    0x08005801   0x44  Code  Gb  main.o [1]
malloc                  0x08002ce9   0xac  Code  Gb  xxmemxmalloc.o [3]
mem_cpy                 0x08000189   0x14  Code  Lc  ff.o [1]
mem_set                 0x0800019d    0xe  Code  Lc  ff.o [1]
memchr                  0x08002c85         Code  Gb  memchr.o [5]
move_window             0x0800033b   0x38  Code  Lc  ff.o [1]
obuf                    0x200015ec   0x50  Data  Lc  xfiles.o [3]
oled                    0x200017f0    0xc  Data  Gb  OLEDUI.o [1]
oledprintf              0x080073b5   0x16  Code  Gb  oled.o [1]
oledprintfw             0x080073cb   0x14  Code  Gb  oled.o [1]
pFlash                  0x2000181c   0x20  Data  Gb  stm32f4xx_hal_flash.o [1]
para_show_table         0x20000190  0x7d0  Data  Gb  OLEDUI.o [1]
para_table              0x20000000  0x190  Data  Gb  OLEDUI.o [1]
printf                  0x08006dd5   0x24  Code  Gb  printf.o [3]
put_fat                 0x080004e5   0xe4  Code  Gb  ff.o [1]
putc_bfd                0x0800173f   0x46  Code  Lc  ff.o [1]
putchar                 0x08007dd1    0xc  Code  Gb  putchar.o [3]
remove_chain            0x080005d1   0x6e  Code  Lc  ff.o [1]
retSD                   0x20001884    0x1  Data  Gb  fatfs.o [1]
rtext                   0x200012d4   0x64  Data  Gb  SDFatfs.o [1]
setpara                 0x20001808   0x10  Data  Gb  OLEDUI.o [1]
sprintf                 0x08007621   0x34  Code  Gb  sprintf.o [3]
st_clust                0x080008b1   0x12  Code  Lc  ff.o [1]
strchr                  0x08002c35         Code  Gb  strchr.o [5]
strlen                  0x08002c4d         Code  Gb  strlen.o [5]
sync_fs                 0x08000373   0x96  Code  Lc  ff.o [1]
sync_window             0x080002e3   0x4c  Code  Lc  ff.o [1]
sys                     0x20001800    0x8  Data  Gb  OLEDUI.o [1]
systick_delayus         0x08007655    0xe  Code  Lc  i2c_gpio.o [1]
uart1_buff              0x200018b4    0x1  Data  Gb  usersrc.o [1]
uwTick                  0x200018ac    0x4  Data  Gb  stm32f4xx_hal.o [1]
validate                0x08000ee1   0x36  Code  Lc  ff.o [1]
vsnprintf               0x08007a21   0x3c  Code  Gb  vsnprint.o [3]


[1] = D:\MCU\lab\f4\test2\EWARM\test2\Obj
[2] = command line
[3] = dl7M_tlf.a
[4] = m7M_tls.a
[5] = rt7M_tl.a
[6] = shb_l.a

  32 518 bytes of readonly  code memory
     223 bytes of readonly  data memory
   6 318 bytes of readwrite data memory

Errors: none
Warnings: none
